Component: ARM Compiler 5.06 update 5 (build 528) Tool: armlink [4d35e2]

==============================================================================

Section Cross References

    startup_stm32f103xb.o(STACK) refers (Special) to heapauxi.o(.text) for __use_two_region_memory
    startup_stm32f103xb.o(HEAP) refers (Special) to heapauxi.o(.text) for __use_two_region_memory
    startup_stm32f103xb.o(RESET) refers (Special) to heapauxi.o(.text) for __use_two_region_memory
    startup_stm32f103xb.o(RESET) refers to startup_stm32f103xb.o(STACK) for __initial_sp
    startup_stm32f103xb.o(RESET) refers to startup_stm32f103xb.o(.text) for Reset_Handler
    startup_stm32f103xb.o(RESET) refers to stm32f1xx_it.o(i.NMI_Handler) for NMI_Handler
    startup_stm32f103xb.o(RESET) refers to stm32f1xx_it.o(i.HardFault_Handler) for HardFault_Handler
    startup_stm32f103xb.o(RESET) refers to stm32f1xx_it.o(i.MemManage_Handler) for MemManage_Handler
    startup_stm32f103xb.o(RESET) refers to stm32f1xx_it.o(i.BusFault_Handler) for BusFault_Handler
    startup_stm32f103xb.o(RESET) refers to stm32f1xx_it.o(i.UsageFault_Handler) for UsageFault_Handler
    startup_stm32f103xb.o(RESET) refers to port.o(.emb_text) for SVC_Handler
    startup_stm32f103xb.o(RESET) refers to stm32f1xx_it.o(i.DebugMon_Handler) for DebugMon_Handler
    startup_stm32f103xb.o(RESET) refers to port.o(i.SysTick_Handler) for SysTick_Handler
    startup_stm32f103xb.o(RESET) refers to stm32f1xx_it.o(i.TIM1_UP_IRQHandler) for TIM1_UP_IRQHandler
    startup_stm32f103xb.o(RESET) refers to stm32f1xx_it.o(i.TIM4_IRQHandler) for TIM4_IRQHandler
    startup_stm32f103xb.o(.text) refers (Special) to heapauxi.o(.text) for __use_two_region_memory
    startup_stm32f103xb.o(.text) refers to system_stm32f1xx.o(i.SystemInit) for SystemInit
    startup_stm32f103xb.o(.text) refers to __main.o(!!!main) for __main
    startup_stm32f103xb.o(.text) refers to startup_stm32f103xb.o(HEAP) for Heap_Mem
    startup_stm32f103xb.o(.text) refers to startup_stm32f103xb.o(STACK) for Stack_Mem
    main.o(i.HAL_TIM_PeriodElapsedCallback) refers to stm32f1xx_hal.o(i.HAL_IncTick) for HAL_IncTick
    main.o(i.SystemClock_Config) refers to rt_memclr_w.o(.text) for __aeabi_memclr4
    main.o(i.SystemClock_Config) refers to stm32f1xx_hal_rcc.o(i.HAL_RCC_OscConfig) for HAL_RCC_OscConfig
    main.o(i.SystemClock_Config) refers to main.o(i.Error_Handler) for Error_Handler
    main.o(i.SystemClock_Config) refers to stm32f1xx_hal_rcc.o(i.HAL_RCC_ClockConfig) for HAL_RCC_ClockConfig
    main.o(i.main) refers to stm32f1xx_hal.o(i.HAL_Init) for HAL_Init
    main.o(i.main) refers to main.o(i.SystemClock_Config) for SystemClock_Config
    main.o(i.main) refers to gpio.o(i.MX_GPIO_Init) for MX_GPIO_Init
    main.o(i.main) refers to i2c.o(i.MX_I2C2_Init) for MX_I2C2_Init
    main.o(i.main) refers to tim.o(i.MX_TIM1_Init) for MX_TIM1_Init
    main.o(i.main) refers to stm32f1xx_hal.o(i.HAL_Delay) for HAL_Delay
    main.o(i.main) refers to oled.o(i.OLED_Init) for OLED_Init
    main.o(i.main) refers to freertos.o(i.MX_FREERTOS_Init) for MX_FREERTOS_Init
    main.o(i.main) refers to cmsis_os.o(i.osKernelStart) for osKernelStart
    gpio.o(i.MX_GPIO_Init) refers to stm32f1xx_hal_gpio.o(i.HAL_GPIO_WritePin) for HAL_GPIO_WritePin
    gpio.o(i.MX_GPIO_Init) refers to stm32f1xx_hal_gpio.o(i.HAL_GPIO_Init) for HAL_GPIO_Init
    freertos.o(i.MX_FREERTOS_Init) refers to rt_memcpy_w.o(.text) for __aeabi_memcpy4
    freertos.o(i.MX_FREERTOS_Init) refers to cmsis_os.o(i.osThreadCreate) for osThreadCreate
    freertos.o(i.MX_FREERTOS_Init) refers to freertos.o(.constdata) for .constdata
    freertos.o(i.MX_FREERTOS_Init) refers to freertos.o(.data) for defaultTaskHandle
    freertos.o(i.StartDefaultTask) refers to cmsis_os.o(i.osDelay) for osDelay
    freertos.o(i.StartTask02) refers to oled.o(i.OLED_NewFrame) for OLED_NewFrame
    freertos.o(i.StartTask02) refers to dflt_clz.o(x$fpl$dflt) for __aeabi_i2d
    freertos.o(i.StartTask02) refers to dmul.o(x$fpl$dmul) for __aeabi_dmul
    freertos.o(i.StartTask02) refers to ddiv.o(x$fpl$ddiv) for __aeabi_ddiv
    freertos.o(i.StartTask02) refers to sin.o(i.sin) for sin
    freertos.o(i.StartTask02) refers to daddsub_clz.o(x$fpl$drsb) for __aeabi_drsub
    freertos.o(i.StartTask02) refers to dfix.o(x$fpl$dfix) for __aeabi_d2iz
    freertos.o(i.StartTask02) refers to cos.o(i.cos) for cos
    freertos.o(i.StartTask02) refers to oled.o(i.OLED_DrawLine) for OLED_DrawLine
    freertos.o(i.StartTask02) refers to oled.o(i.OLED_ShowFrame) for OLED_ShowFrame
    freertos.o(i.StartTask02) refers to tasks.o(i.vTaskDelay) for vTaskDelay
    freertos.o(i.StartTask03) refers to cmsis_os.o(i.osDelay) for osDelay
    freertos.o(i.StartTask04) refers to cmsis_os.o(i.osDelay) for osDelay
    freertos.o(i.vApplicationGetIdleTaskMemory) refers to freertos.o(.bss) for xIdleTaskTCBBuffer
    freertos.o(.constdata) refers to freertos.o(.conststring) for .conststring
[...]
    .ARM.Collect$$libshutdown$$0000000C      0x08000166   Section        0  libshutdown2.o(.ARM.Collect$$libshutdown$$0000000C)
    .ARM.Collect$$libshutdown$$0000000F      0x08000166   Section        0  libshutdown2.o(.ARM.Collect$$libshutdown$$0000000F)
    .ARM.Collect$$libshutdown$$00000010      0x08000166   Section        2  libshutdown2.o(.ARM.Collect$$libshutdown$$00000010)
    .ARM.Collect$$rtentry$$00000000          0x08000168   Section        0  __rtentry.o(.ARM.Collect$$rtentry$$00000000)
    .ARM.Collect$$rtentry$$00000002          0x08000168   Section        0  __rtentry2.o(.ARM.Collect$$rtentry$$00000002)
    .ARM.Collect$$rtentry$$00000004          0x08000168   Section        6  __rtentry4.o(.ARM.Collect$$rtentry$$00000004)
    .ARM.Collect$$rtentry$$00000009          0x0800016e   Section        0  __rtentry2.o(.ARM.Collect$$rtentry$$00000009)
    .ARM.Collect$$rtentry$$0000000A          0x0800016e   Section        4  __rtentry2.o(.ARM.Collect$$rtentry$$0000000A)
    .ARM.Collect$$rtentry$$0000000C          0x08000172   Section        0  __rtentry2.o(.ARM.Collect$$rtentry$$0000000C)
    .ARM.Collect$$rtentry$$0000000D          0x08000172   Section        8  __rtentry2.o(.ARM.Collect$$rtentry$$0000000D)
    .ARM.Collect$$rtexit$$00000000           0x0800017a   Section        2  rtexit.o(.ARM.Collect$$rtexit$$00000000)
    .ARM.Collect$$rtexit$$00000002           0x0800017c   Section        0  rtexit2.o(.ARM.Collect$$rtexit$$00000002)
    .ARM.Collect$$rtexit$$00000003           0x0800017c   Section        4  rtexit2.o(.ARM.Collect$$rtexit$$00000003)
    .ARM.Collect$$rtexit$$00000004           0x08000180   Section        6  rtexit2.o(.ARM.Collect$$rtexit$$00000004)
    .emb_text                                0x08000188   Section      150  port.o(.emb_text)
    .text                                    0x08000220   Section       64  startup_stm32f103xb.o(.text)
    .text                                    0x08000260   Section      138  rt_memcpy_v6.o(.text)
    .text                                    0x080002ea   Section      100  rt_memcpy_w.o(.text)
    .text                                    0x0800034e   Section       68  rt_memclr.o(.text)
    .text                                    0x08000392   Section       78  rt_memclr_w.o(.text)
    .text                                    0x080003e0   Section        0  heapauxi.o(.text)
    .text                                    0x080003e6   Section        0  _rserrno.o(.text)
    .text                                    0x080003fc   Section        8  rt_errno_addr_intlibspace.o(.text)
    .text                                    0x08000404   Section        8  libspace.o(.text)
    .text                                    0x0800040c   Section       74  sys_stackheap_outer.o(.text)
    .text                                    0x08000456   Section        0  exit.o(.text)
    .text                                    0x08000468   Section        0  sys_exit.o(.text)
    .text                                    0x08000474   Section        2  use_no_semi.o(.text)
    .text                                    0x08000476   Section        0  indicate_semi.o(.text)
    i.BusFault_Handler                       0x08000476   Section        0  stm32f1xx_it.o(i.BusFault_Handler)
    i.DebugMon_Handler                       0x0800047a   Section        0  stm32f1xx_it.o(i.DebugMon_Handler)
    i.Error_Handler                          0x0800047c   Section        0  main.o(i.Error_Handler)
    i.HAL_Delay                              0x08000484   Section        0  stm32f1xx_hal.o(i.HAL_Delay)
    i.HAL_GPIO_Init                          0x080004ac   Section        0  stm32f1xx_hal_gpio.o(i.HAL_GPIO_Init)
    i.HAL_GPIO_WritePin                      0x080007cc   Section        0  stm32f1xx_hal_gpio.o(i.HAL_GPIO_WritePin)
    i.HAL_GetTick                            0x080007d8   Section        0  stm32f1xx_hal.o(i.HAL_GetTick)
    i.HAL_I2C_Init                           0x080007e4   Section        0  stm32f1xx_hal_i2c.o(i.HAL_I2C_Init)
    i.HAL_I2C_Master_Transmit                0x080009b4   Section        0  stm32f1xx_hal_i2c.o(i.HAL_I2C_Master_Transmit)
    i.HAL_I2C_MspInit                        0x08000b24   Section        0  i2c.o(i.HAL_I2C_MspInit)
    i.HAL_IncTick                            0x08000b9c   Section        0  stm32f1xx_hal.o(i.HAL_IncTick)
    i.HAL_Init                               0x08000bb4   Section        0  stm32f1xx_hal.o(i.HAL_Init)
    i.HAL_InitTick                           0x08000bdc   Section        0  stm32f1xx_hal_timebase_tim.o(i.HAL_InitTick)
    i.HAL_MspInit                            0x08000c90   Section        0  stm32f1xx_hal_msp.o(i.HAL_MspInit)
    i.HAL_NVIC_EnableIRQ                     0x08000cf0   Section        0  stm32f1xx_hal_cortex.o(i.HAL_NVIC_EnableIRQ)
    i.HAL_NVIC_SetPriority                   0x08000d10   Section        0  stm32f1xx_hal_cortex.o(i.HAL_NVIC_SetPriority)
    i.HAL_NVIC_SetPriorityGrouping           0x08000d8c   Section        0  stm32f1xx_hal_cortex.o(i.HAL_NVIC_SetPriorityGrouping)
    i.HAL_RCC_ClockConfig                    0x08000db4   Section        0  stm32f1xx_hal_rcc.o(i.HAL_RCC_ClockConfig)
    i.HAL_RCC_GetClockConfig                 0x08000f40   Section        0  stm32f1xx_hal_rcc.o(i.HAL_RCC_GetClockConfig)
    i.HAL_RCC_GetHCLKFreq                    0x08000f84   Section        0  stm32f1xx_hal_rcc.o(i.HAL_RCC_GetHCLKFreq)
    i.HAL_RCC_GetPCLK1Freq                   0x08000f90   Section        0  stm32f1xx_hal_rcc.o(i.HAL_RCC_GetPCLK1Freq)
    i.HAL_RCC_GetSysClockFreq                0x08000fb0   Section        0  stm32f1xx_hal_rcc.o(i.HAL_RCC_GetSysClockFreq)
    i.HAL_RCC_OscConfig                      0x08001020   Section        0  stm32f1xx_hal_rcc.o(i.HAL_RCC_OscConfig)
    i.HAL_TIMEx_BreakCallback                0x08001484   Section        0  stm32f1xx_hal_tim_ex.o(i.HAL_TIMEx_BreakCallback)
    i.HAL_TIMEx_CommutCallback               0x08001486   Section        0  stm32f1xx_hal_tim_ex.o(i.HAL_TIMEx_CommutCallback)
    i.HAL_TIMEx_MasterConfigSynchronization  0x08001488   Section        0  stm32f1xx_hal_tim_ex.o(i.HAL_TIMEx_MasterConfigSynchronization)
    i.HAL_TIM_Base_Init                      0x0800150c   Section        0  stm32f1xx_hal_tim.o(i.HAL_TIM_Base_Init)
    i.HAL_TIM_Base_MspInit                   0x08001574   Section        0  tim.o(i.HAL_TIM_Base_MspInit)
    i.HAL_TIM_Base_Start_IT                  0x080015f4   Section        0  stm32f1xx_hal_tim.o(i.HAL_TIM_Base_Start_IT)
    i.HAL_TIM_ConfigClockSource              0x0800166c   Section        0  stm32f1xx_hal_tim.o(i.HAL_TIM_ConfigClockSource)
    i.HAL_TIM_IC_CaptureCallback             0x08001778   Section        0  stm32f1xx_hal_tim.o(i.HAL_TIM_IC_CaptureCallback)
    i.HAL_TIM_IC_ConfigChannel               0x0800177a   Section        0  stm32f1xx_hal_tim.o(i.HAL_TIM_IC_ConfigChannel)
    i.HAL_TIM_IC_Init                        0x08001858   Section        0  stm32f1xx_hal_tim.o(i.HAL_TIM_IC_Init)
    i.HAL_TIM_IC_MspInit                     0x080018be   Section        0  stm32f1xx_hal_tim.o(i.HAL_TIM_IC_MspInit)
    i.HAL_TIM_IRQHandler                     0x080018c0   Section        0  stm32f1xx_hal_tim.o(i.HAL_TIM_IRQHandler)
    i.HAL_TIM_OC_DelayElapsedCallback        0x08001a2c   Section        0  stm32f1xx_hal_tim.o(i.HAL_TIM_OC_DelayElapsedCallback)
    i.HAL_TIM_PWM_PulseFinishedCallback      0x08001a2e   Section        0  stm32f1xx_hal_tim.o(i.HAL_TIM_PWM_PulseFinishedCallback)
    i.HAL_TIM_PeriodElapsedCallback          0x08001a30   Section        0  main.o(i.HAL_TIM_PeriodElapsedCallback)
    i.HAL_TIM_TriggerCallback                0x08001a48   Section        0  stm32f1xx_hal_tim.o(i.HAL_TIM_TriggerCallback)
    i.HardFault_Handler                      0x08001a4a   Section        0  stm32f1xx_it.o(i.HardFault_Handler)
    i.I2C_IsAcknowledgeFailed                0x08001a4e   Section        0  stm32f1xx_hal_i2c.o(i.I2C_IsAcknowledgeFailed)
    I2C_IsAcknowledgeFailed                  0x08001a4f   Thumb Code    62  stm32f1xx_hal_i2c.o(i.I2C_IsAcknowledgeFailed)
    i.I2C_MasterRequestWrite                 0x08001a8c   Section        0  stm32f1xx_hal_i2c.o(i.I2C_MasterRequestWrite)
    I2C_MasterRequestWrite                   0x08001a8d   Thumb Code   186  stm32f1xx_hal_i2c.o(i.I2C_MasterRequestWrite)
    i.I2C_WaitOnBTFFlagUntilTimeout          0x08001b4c   Section        0  stm32f1xx_hal_i2c.o(i.I2C_WaitOnBTFFlagUntilTimeout)
    I2C_WaitOnBTFFlagUntilTimeout            0x08001b4d   Thumb Code   102  stm32f1xx_hal_i2c.o(i.I2C_WaitOnBTFFlagUntilTimeout)
    i.I2C_WaitOnFlagUntilTimeout             0x08001bb2   Section        0  stm32f1xx_hal_i2c.o(i.I2C_WaitOnFlagUntilTimeout)
    I2C_WaitOnFlagUntilTimeout               0x08001bb3   Thumb Code   190  stm32f1xx_hal_i2c.o(i.I2C_WaitOnFlagUntilTimeout)
    i.I2C_WaitOnMasterAddressFlagUntilTimeout 0x08001c70   Section        0  stm32f1xx_hal_i2c.o(i.I2C_WaitOnMasterAddressFlagUntilTimeout)
    I2C_WaitOnMasterAddressFlagUntilTimeout  0x08001c71   Thumb Code   250  stm32f1xx_hal_i2c.o(i.I2C_WaitOnMasterAddressFlagUntilTimeout)
    i.I2C_WaitOnTXEFlagUntilTimeout          0x08001d6a   Section        0  stm32f1xx_hal_i2c.o(i.I2C_WaitOnTXEFlagUntilTimeout)
    I2C_WaitOnTXEFlagUntilTimeout            0x08001d6b   Thumb Code   102  stm32f1xx_hal_i2c.o(i.I2C_WaitOnTXEFlagUntilTimeout)
    i.MX_FREERTOS_Init                       0x08001dd0   Section        0  freertos.o(i.MX_FREERTOS_Init)
    i.MX_GPIO_Init                           0x08001e4c   Section        0  gpio.o(i.MX_GPIO_Init)
    i.MX_I2C2_Init                           0x08001ed8   Section        0  i2c.o(i.MX_I2C2_Init)
    i.MX_TIM1_Init                           0x08001f14   Section        0  tim.o(i.MX_TIM1_Init)
    i.MemManage_Handler                      0x08001fcc   Section        0  stm32f1xx_it.o(i.MemManage_Handler)
    i.NMI_Handler                            0x08001fd0   Section        0  stm32f1xx_it.o(i.NMI_Handler)
    i.OLED_DrawLine                          0x08001fd4   Section        0  oled.o(i.OLED_DrawLine)
    i.OLED_Init                              0x08002120   Section        0  oled.o(i.OLED_Init)
    i.OLED_NewFrame                          0x080021d4   Section        0  oled.o(i.OLED_NewFrame)
    i.OLED_Send                              0x080021e8   Section        0  oled.o(i.OLED_Send)
    i.OLED_SendCmd                           0x08002208   Section        0  oled.o(i.OLED_SendCmd)
    i.OLED_SetPixel                          0x0800221c   Section        0  oled.o(i.OLED_SetPixel)
    i.OLED_ShowFrame                         0x080022a4   Section        0  oled.o(i.OLED_ShowFrame)
    i.RCC_Delay                              0x080022f0   Section        0  stm32f1xx_hal_rcc.o(i.RCC_Delay)
    RCC_Delay                                0x080022f1   Thumb Code    36  stm32f1xx_hal_rcc.o(i.RCC_Delay)
    i.StartDefaultTask                       0x08002318   Section        0  freertos.o(i.StartDefaultTask)
    i.StartTask02                            0x08002324   Section        0  freertos.o(i.StartTask02)
    i.StartTask03                            0x080024b4   Section        0  freertos.o(i.StartTask03)
    i.StartTask04                            0x080024be   Section        0  freertos.o(i.StartTask04)
    i.SysTick_Handler                        0x080024c8   Section        0  port.o(i.SysTick_Handler)
    i.SystemClock_Config                     0x080024fc   Section        0  main.o(i.SystemClock_Config)
    i.SystemInit                             0x08002562   Section        0  system_stm32f1xx.o(i.SystemInit)
    i.TIM1_UP_IRQHandler                     0x08002564   Section        0  stm32f1xx_it.o(i.TIM1_UP_IRQHandler)
    i.TIM4_IRQHandler                        0x08002574   Section        0  stm32f1xx_it.o(i.TIM4_IRQHandler)
    i.TIM_Base_SetConfig                     0x08002584   Section        0  stm32f1xx_hal_tim.o(i.TIM_Base_SetConfig)
    i.TIM_ETR_SetConfig                      0x08002608   Section        0  stm32f1xx_hal_tim.o(i.TIM_ETR_SetConfig)
    i.TIM_ITRx_SetConfig                     0x0800261e   Section        0  stm32f1xx_hal_tim.o(i.TIM_ITRx_SetConfig)
    TIM_ITRx_SetConfig                       0x0800261f   Thumb Code    18  stm32f1xx_hal_tim.o(i.TIM_ITRx_SetConfig)
    i.TIM_TI1_ConfigInputStage               0x08002630   Section        0  stm32f1xx_hal_tim.o(i.TIM_TI1_ConfigInputStage)
    TIM_TI1_ConfigInputStage                 0x08002631   Thumb Code    38  stm32f1xx_hal_tim.o(i.TIM_TI1_ConfigInputStage)
    i.TIM_TI1_SetConfig                      0x08002658   Section        0  stm32f1xx_hal_tim.o(i.TIM_TI1_SetConfig)
    i.TIM_TI2_ConfigInputStage               0x080026c0   Section        0  stm32f1xx_hal_tim.o(i.TIM_TI2_ConfigInputStage)
    TIM_TI2_ConfigInputStage                 0x080026c1   Thumb Code    40  stm32f1xx_hal_tim.o(i.TIM_TI2_ConfigInputStage)
    i.TIM_TI2_SetConfig                      0x080026e8   Section        0  stm32f1xx_hal_tim.o(i.TIM_TI2_SetConfig)
    TIM_TI2_SetConfig                        0x080026e9   Thumb Code    58  stm32f1xx_hal_tim.o(i.TIM_TI2_SetConfig)
    i.TIM_TI3_SetConfig                      0x08002722   Section        0  stm32f1xx_hal_tim.o(i.TIM_TI3_SetConfig)
    TIM_TI3_SetConfig                        0x08002723   Thumb Code    56  stm32f1xx_hal_tim.o(i.TIM_TI3_SetConfig)
    i.TIM_TI4_SetConfig                      0x0800275a   Section        0  stm32f1xx_hal_tim.o(i.TIM_TI4_SetConfig)
    TIM_TI4_SetConfig                        0x0800275b   Thumb Code    60  stm32f1xx_hal_tim.o(i.TIM_TI4_SetConfig)
    i.UsageFault_Handler                     0x08002796   Section        0  stm32f1xx_it.o(i.UsageFault_Handler)
    i.__ARM_fpclassify                       0x0800279a   Section        0  fpclassify.o(i.__ARM_fpclassify)
    i.__NVIC_GetPriorityGrouping             0x080027c4   Section        0  stm32f1xx_hal_cortex.o(i.__NVIC_GetPriorityGrouping)
    __NVIC_GetPriorityGrouping               0x080027c5   Thumb Code    10  stm32f1xx_hal_cortex.o(i.__NVIC_GetPriorityGrouping)
    i.__NVIC_SetPriority                     0x080027d4   Section        0  stm32f1xx_hal_cortex.o(i.__NVIC_SetPriority)
    __NVIC_SetPriority                       0x080027d5   Thumb Code    32  stm32f1xx_hal_cortex.o(i.__NVIC_SetPriority)
    i.__ieee754_rem_pio2                     0x080027fc   Section        0  rred.o(i.__ieee754_rem_pio2)
    i.__kernel_cos                           0x08002b84   Section        0  cos_i.o(i.__kernel_cos)
    i.__kernel_poly                          0x08002c80   Section        0  poly.o(i.__kernel_poly)
    i.__kernel_sin                           0x08002d2c   Section        0  sin_i.o(i.__kernel_sin)
    i.__mathlib_dbl_infnan                   0x08002e18   Section        0  dunder.o(i.__mathlib_dbl_infnan)
    i.__mathlib_dbl_invalid                  0x08002e1e   Section        0  dunder.o(i.__mathlib_dbl_invalid)
    i.__mathlib_dbl_underflow                0x08002e2c   Section        0  dunder.o(i.__mathlib_dbl_underflow)
    i.cos                                    0x08002e3c   Section        0  cos.o(i.cos)
    i.main                                   0x08002ed8   Section        0  main.o(i.main)
    i.makeFreeRtosPriority                   0x08002f02   Section        0  cmsis_os.o(i.makeFreeRtosPriority)
    makeFreeRtosPriority                     0x08002f03   Thumb Code    14  cmsis_os.o(i.makeFreeRtosPriority)
    i.osDelay                                0x08002f10   Section        0  cmsis_os.o(i.osDelay)
    i.osKernelStart                          0x08002f28   Section        0  cmsis_os.o(i.osKernelStart)
    i.osThreadCreate                         0x08002f32   Section        0  cmsis_os.o(i.osThreadCreate)
    i.prvAddCurrentTaskToDelayedList         0x08002f90   Section        0  tasks.o(i.prvAddCurrentTaskToDelayedList)
    prvAddCurrentTaskToDelayedList           0x08002f91   Thumb Code   124  tasks.o(i.prvAddCurrentTaskToDelayedList)
    i.prvAddNewTaskToReadyList               0x08003028   Section        0  tasks.o(i.prvAddNewTaskToReadyList)
    prvAddNewTaskToReadyList                 0x08003029   Thumb Code   150  tasks.o(i.prvAddNewTaskToReadyList)
    i.prvCheckTasksWaitingTermination        0x080030dc   Section        0  tasks.o(i.prvCheckTasksWaitingTermination)
    prvCheckTasksWaitingTermination          0x080030dd   Thumb Code    60  tasks.o(i.prvCheckTasksWaitingTermination)
    i.prvDeleteTCB                           0x08003124   Section        0  tasks.o(i.prvDeleteTCB)
    prvDeleteTCB                             0x08003125   Thumb Code    80  tasks.o(i.prvDeleteTCB)
    i.prvHeapInit                            0x08003174   Section        0  heap_4.o(i.prvHeapInit)
    prvHeapInit                              0x08003175   Thumb Code    98  heap_4.o(i.prvHeapInit)
    i.prvIdleTask                            0x080031f0   Section        0  tasks.o(i.prvIdleTask)
    prvIdleTask                              0x080031f1   Thumb Code    32  tasks.o(i.prvIdleTask)
    i.prvInitialiseNewTask                   0x08003218   Section        0  tasks.o(i.prvInitialiseNewTask)
    prvInitialiseNewTask                     0x08003219   Thumb Code   180  tasks.o(i.prvInitialiseNewTask)
    i.prvInitialiseTaskLists                 0x080032cc   Section        0  tasks.o(i.prvInitialiseTaskLists)
    prvInitialiseTaskLists                   0x080032cd   Thumb Code    70  tasks.o(i.prvInitialiseTaskLists)
    i.prvInsertBlockIntoFreeList             0x08003334   Section        0  heap_4.o(i.prvInsertBlockIntoFreeList)
    prvInsertBlockIntoFreeList               0x08003335   Thumb Code    96  heap_4.o(i.prvInsertBlockIntoFreeList)
    i.prvResetNextTaskUnblockTime            0x0800339c   Section        0  tasks.o(i.prvResetNextTaskUnblockTime)
    prvResetNextTaskUnblockTime              0x0800339d   Thumb Code    42  tasks.o(i.prvResetNextTaskUnblockTime)
    i.prvTaskExitError                       0x080033d0   Section        0  port.o(i.prvTaskExitError)
    prvTaskExitError                         0x080033d1   Thumb Code    60  port.o(i.prvTaskExitError)
    i.pvPortMalloc                           0x08003410   Section        0  heap_4.o(i.pvPortMalloc)
    i.pxPortInitialiseStack                  0x0800355c   Section        0  port.o(i.pxPortInitialiseStack)
    i.sin                                    0x08003580   Section        0  sin.o(i.sin)
    i.uxListRemove                           0x08003620   Section        0  list.o(i.uxListRemove)
    i.vApplicationGetIdleTaskMemory          0x08003648   Section        0  freertos.o(i.vApplicationGetIdleTaskMemory)
    i.vListInitialise                        0x08003660   Section        0  list.o(i.vListInitialise)
    i.vListInitialiseItem                    0x0800367a   Section        0  list.o(i.vListInitialiseItem)
    i.vListInsert                            0x08003680   Section        0  list.o(i.vListInsert)
    i.vListInsertEnd                         0x080036b4   Section        0  list.o(i.vListInsertEnd)
    i.vPortEnterCritical                     0x080036cc   Section        0  port.o(i.vPortEnterCritical)
    i.vPortExitCritical                      0x08003720   Section        0  port.o(i.vPortExitCritical)
    i.vPortFree                              0x0800375c   Section        0  heap_4.o(i.vPortFree)
    i.vPortSetupTimerInterrupt               0x08003800   Section        0  port.o(i.vPortSetupTimerInterrupt)
    i.vTaskDelay                             0x08003828   Section        0  tasks.o(i.vTaskDelay)
    i.vTaskStartScheduler                    0x08003884   Section        0  tasks.o(i.vTaskStartScheduler)
    i.vTaskSuspendAll                        0x08003934   Section        0  tasks.o(i.vTaskSuspendAll)
    i.vTaskSwitchContext                     0x08003944   Section        0  tasks.o(i.vTaskSwitchContext)
    i.xPortStartScheduler                    0x080039d0   Section        0  port.o(i.xPortStartScheduler)
    i.xTaskCreate                            0x08003ac8   Section        0  tasks.o(i.xTaskCreate)
    i.xTaskCreateStatic                      0x08003b2c   Section        0  tasks.o(i.xTaskCreateStatic)
    i.xTaskIncrementTick                     0x08003be8   Section        0  tasks.o(i.xTaskIncrementTick)
    i.xTaskResumeAll                         0x08003d30   Section        0  tasks.o(i.xTaskResumeAll)
    x$fpl$dadd                               0x08003e34   Section      336  daddsub_clz.o(x$fpl$dadd)
    _dadd1                                   0x08003e45   Thumb Code     0  daddsub_clz.o(x$fpl$dadd)
    x$fpl$dcheck1                            0x08003f84   Section       16  dcheck1.o(x$fpl$dcheck1)
    x$fpl$ddiv                               0x08003f94   Section      688  ddiv.o(x$fpl$ddiv)
    ddiv_entry                               0x08003f9b   Thumb Code     0  ddiv.o(x$fpl$ddiv)
    x$fpl$dfix                               0x08004244   Section       94  dfix.o(x$fpl$dfix)
    x$fpl$dflt                               0x080042a2   Section       46  dflt_clz.o(x$fpl$dflt)
    x$fpl$dfltu                              0x080042d0   Section       38  dflt_clz.o(x$fpl$dfltu)
    x$fpl$dmul                               0x080042f8   Section      340  dmul.o(x$fpl$dmul)
    x$fpl$dnaninf                            0x0800444c   Section      156  dnaninf.o(x$fpl$dnaninf)
    x$fpl$dretinf                            0x080044e8   Section       12  dretinf.o(x$fpl$dretinf)
    x$fpl$drsb                               0x080044f4   Section       22  daddsub_clz.o(x$fpl$drsb)
    x$fpl$dsub                               0x0800450c   Section      468  daddsub_clz.o(x$fpl$dsub)
    _dsub1                                   0x0800451d   Thumb Code     0  daddsub_clz.o(x$fpl$dsub)
    x$fpl$retnan                             0x080046e0   Section      100  retnan.o(x$fpl$retnan)
    x$fpl$scalbn                             0x08004744   Section       92  scalbn.o(x$fpl$scalbn)
    x$fpl$trapveneer                         0x080047a0   Section       48  trapv.o(x$fpl$trapveneer)
    .constdata                               0x080047d0   Section      112  freertos.o(.constdata)
    x$fpl$usenofp                            0x080047d0   Section        0  usenofp.o(x$fpl$usenofp)
    .constdata                               0x08004840   Section       18  stm32f1xx_hal_rcc.o(.constdata)
    aPLLMULFactorTable                       0x08004840   Data          16  stm32f1xx_hal_rcc.o(.constdata)
    aPredivFactorTable                       0x08004850   Data           2  stm32f1xx_hal_rcc.o(.constdata)
    .constdata                               0x08004852   Section       24  system_stm32f1xx.o(.constdata)
    .constdata                               0x08004870   Section       48  cos_i.o(.constdata)
    C                                        0x08004870   Data          48  cos_i.o(.constdata)
    .constdata                               0x080048a0   Section      200  rred.o(.constdata)
    pio2s                                    0x080048a0   Data          48  rred.o(.constdata)
    twooverpi                                0x080048d0   Data         152  rred.o(.constdata)
    .constdata                               0x08004968   Section       40  sin_i.o(.constdata)
    S                                        0x08004968   Data          40  sin_i.o(.constdata)
    .conststring                             0x08004990   Section       48  freertos.o(.conststring)
    .data                                    0x20000000   Section       16  freertos.o(.data)
    .data                                    0x20000010   Section        9  stm32f1xx_hal.o(.data)
    .data                                    0x2000001c   Section        4  system_stm32f1xx.o(.data)
    .data                                    0x20000020   Section       60  tasks.o(.data)
    pxDelayedTaskList                        0x20000024   Data           4  tasks.o(.data)
    pxOverflowDelayedTaskList                0x20000028   Data           4  tasks.o(.data)
    uxDeletedTasksWaitingCleanUp             0x2000002c   Data           4  tasks.o(.data)
    uxCurrentNumberOfTasks                   0x20000030   Data           4  tasks.o(.data)
    xTickCount                               0x20000034   Data           4  tasks.o(.data)
    uxTopReadyPriority                       0x20000038   Data           4  tasks.o(.data)
    xSchedulerRunning                        0x2000003c   Data           4  tasks.o(.data)
    xPendedTicks                             0x20000040   Data           4  tasks.o(.data)
    xYieldPending                            0x20000044   Data           4  tasks.o(.data)
    xNumOfOverflows                          0x20000048   Data           4  tasks.o(.data)
    uxTaskNumber                             0x2000004c   Data           4  tasks.o(.data)
    xNextTaskUnblockTime                     0x20000050   Data           4  tasks.o(.data)
    xIdleTaskHandle                          0x20000054   Data           4  tasks.o(.data)
    uxSchedulerSuspended                     0x20000058   Data           4  tasks.o(.data)
    .data                                    0x2000005c   Section       32  heap_4.o(.data)
    xStart                                   0x2000005c   Data           8  heap_4.o(.data)
    pxEnd                                    0x20000064   Data           4  heap_4.o(.data)
    xFreeBytesRemaining                      0x20000068   Data           4  heap_4.o(.data)
    xMinimumEverFreeBytesRemaining           0x2000006c   Data           4  heap_4.o(.data)
    xNumberOfSuccessfulAllocations           0x20000070   Data           4  heap_4.o(.data)
    xNumberOfSuccessfulFrees                 0x20000074   Data           4  heap_4.o(.data)
    xBlockAllocatedBit                       0x20000078   Data           4  heap_4.o(.data)
    .data                                    0x2000007c   Section       12  port.o(.data)
    uxCriticalNesting                        0x2000007c   Data           4  port.o(.data)
    ucMaxSysCallPriority                     0x20000080   Data           1  port.o(.data)
    ulMaxPRIGROUPValue                       0x20000084   Data           4  port.o(.data)
    .data                                    0x20000088   Section        4  oled.o(.data)
    sendBuffer                               0x20000088   Data           2  oled.o(.data)
    temp                                     0x2000008a   Data           1  oled.o(.data)
    temp                                     0x2000008b   Data           1  oled.o(.data)
    .bss                                     0x2000008c   Section      596  freertos.o(.bss)
    xIdleTaskTCBBuffer                       0x2000008c   Data          84  freertos.o(.bss)
    xIdleStack                               0x200000e0   Data         512  freertos.o(.bss)
    .bss                                     0x200002e0   Section       84  i2c.o(.bss)
    .bss                                     0x20000334   Section       72  tim.o(.bss)
    .bss                                     0x2000037c   Section       72  stm32f1xx_hal_timebase_tim.o(.bss)
    .bss                                     0x200003c4   Section      240  tasks.o(.bss)
    pxReadyTasksLists                        0x200003c4   Data         140  tasks.o(.bss)
    xDelayedTaskList1                        0x20000450   Data          20  tasks.o(.bss)
    xDelayedTaskList2                        0x20000464   Data          20  tasks.o(.bss)
    xPendingReadyList                        0x20000478   Data          20  tasks.o(.bss)
    xTasksWaitingTermination                 0x2000048c   Data          20  tasks.o(.bss)
    xSuspendedTaskList                       0x200004a0   Data          20  tasks.o(.bss)
    .bss                                     0x200004b4   Section     3072  heap_4.o(.bss)
    ucHeap                                   0x200004b4   Data        3072  heap_4.o(.bss)
    .bss                                     0x200010b4   Section     1153  oled.o(.bss)
    sendBuffer                               0x200014b4   Data         129  oled.o(.bss)
    .bss                                     0x20001538   Section       96  libspace.o(.bss)
    HEAP                                     0x20001598   Section      512  startup_stm32f103xb.o(HEAP)
    Heap_Mem                                 0x20001598   Data         512  startup_stm32f103xb.o(HEAP)
    STACK                                    0x20001798   Section     1024  startup_stm32f103xb.o(STACK)
    Stack_Mem                                0x20001798   Data        1024  startup_stm32f103xb.o(STACK)
    __initial_sp                             0x20001b98   Data           0  startup_stm32f103xb.o(STACK)

    Global Symbols

    Symbol Name                              Value     Ov Type        Size  Object(Section)

    BuildAttributes$$THM_ISAv4$P$D$K$B$S$PE$A:L22UL41UL21$X:L11$S22US41US21$IEEE1$IW$USESV6$~STKCKD$USESV7$~SHL$OTIME$ROPI$IEEEX$EBA8$UX$STANDARDLIB$REQ8$PRES8$EABIv2 0x00000000   Number         0  anon$$obj.o ABSOLUTE
    __ARM_use_no_argv                        0x00000000   Number         0  main.o ABSOLUTE
    __ARM_exceptions_init                     - Undefined Weak Reference
    __alloca_initialize                       - Undefined Weak Reference
    __arm_preinit_                            - Undefined Weak Reference
    __cpp_initialize__aeabi_                  - Undefined Weak Reference
    __cxa_finalize                            - Undefined Weak Reference
    __rt_locale                               - Undefined Weak Reference
    __sigvec_lookup                           - Undefined Weak Reference
    _atexit_init                              - Undefined Weak Reference
    _call_atexit_fns                          - Undefined Weak Reference
    _clock_init                               - Undefined Weak Reference
    _fp_trap_init                             - Undefined Weak Reference
    _fp_trap_shutdown                         - Undefined Weak Reference
    _get_lc_collate                           - Undefined Weak Reference
    _get_lc_ctype                             - Undefined Weak Reference
    _get_lc_monetary                          - Undefined Weak Reference
    _get_lc_numeric                           - Undefined Weak Reference
    _get_lc_time                              - Undefined Weak Reference
    _getenv_init                              - Undefined Weak Reference
    _handle_redirection                       - Undefined Weak Reference
    _init_alloc                               - Undefined Weak Reference
    _init_user_alloc                          - Undefined Weak Reference
    _initio                                   - Undefined Weak Reference
    _rand_init                                - Undefined Weak Reference
    _signal_finish                            - Undefined Weak Reference
    _signal_init                              - Undefined Weak Reference
    _terminate_alloc                          - Undefined Weak Reference
    _terminate_user_alloc                     - Undefined Weak Reference
    _terminateio                              - Undefined Weak Reference
    __Vectors_Size                           0x000000ec   Number         0  startup_stm32f103xb.o ABSOLUTE
    __Vectors                                0x08000000   Data           4  startup_stm32f103xb.o(RESET)
    __Vectors_End                            0x080000ec   Data           0  startup_stm32f103xb.o(RESET)
    __main                                   0x080000ed   Thumb Code     8  __main.o(!!!main)
    __scatterload                            0x080000f5   Thumb Code     0  __scatter.o(!!!scatter)
    __scatterload_rt2                        0x080000f5   Thumb Code    44  __scatter.o(!!!scatter)
    __scatterload_rt2_thumb_only             0x080000f5   Thumb Code     0  __scatter.o(!!!scatter)
    __scatterload_null                       0x08000103   Thumb Code     0  __scatter.o(!!!scatter)
    __scatterload_copy                       0x08000129   Thumb Code    26  __scatter_copy.o(!!handler_copy)
    __scatterload_zeroinit                   0x08000145   Thumb Code    28  __scatter_zi.o(!!handler_zi)
    __rt_lib_init                            0x08000161   Thumb Code     0  libinit.o(.ARM.Collect$$libinit$$00000000)
    __rt_lib_init_alloca_1                   0x08000163   Thumb Code     0  libinit2.o(.ARM.Collect$$libinit$$0000002E)
    __rt_lib_init_argv_1                     0x08000163   Thumb Code     0  libinit2.o(.ARM.Collect$$libinit$$0000002C)
    __rt_lib_init_atexit_1                   0x08000163   Thumb Code     0  libinit2.o(.ARM.Collect$$libinit$$0000001B)
    __rt_lib_init_clock_1                    0x08000163   Thumb Code     0  libinit2.o(.ARM.Collect$$libinit$$00000021)
    __rt_lib_init_cpp_1                      0x08000163   Thumb Code     0  libinit2.o(.ARM.Collect$$libinit$$00000032)
    __rt_lib_init_exceptions_1               0x08000163   Thumb Code     0  libinit2.o(.ARM.Collect$$libinit$$00000030)
    __rt_lib_init_fp_1                       0x08000163   Thumb Code     0  libinit2.o(.ARM.Collect$$libinit$$00000002)
    __rt_lib_init_fp_trap_1                  0x08000163   Thumb Code     0  libinit2.o(.ARM.Collect$$libinit$$0000001F)
    __rt_lib_init_getenv_1                   0x08000163   Thumb Code     0  libinit2.o(.ARM.Collect$$libinit$$00000023)
    __rt_lib_init_heap_1                     0x08000163   Thumb Code     0  libinit2.o(.ARM.Collect$$libinit$$0000000A)
    __rt_lib_init_lc_collate_1               0x08000163   Thumb Code     0  libinit2.o(.ARM.Collect$$libinit$$00000011)
    __rt_lib_init_lc_ctype_1                 0x08000163   Thumb Code     0  libinit2.o(.ARM.Collect$$libinit$$00000013)
    __rt_lib_init_lc_monetary_1              0x08000163   Thumb Code     0  libinit2.o(.ARM.Collect$$libinit$$00000015)
    __rt_lib_init_lc_numeric_1               0x08000163   Thumb Code     0  libinit2.o(.ARM.Collect$$libinit$$00000017)
    __rt_lib_init_lc_time_1                  0x08000163   Thumb Code     0  libinit2.o(.ARM.Collect$$libinit$$00000019)
    __rt_lib_init_preinit_1                  0x08000163   Thumb Code     0  libinit2.o(.ARM.Collect$$libinit$$00000004)
    __rt_lib_init_rand_1                     0x08000163   Thumb Code     0  libinit2.o(.ARM.Collect$$libinit$$0000000E)
    __rt_lib_init_return                     0x08000163   Thumb Code     0  libinit2.o(.ARM.Collect$$libinit$$00000033)
    __rt_lib_init_signal_1                   0x08000163   Thumb Code     0  libinit2.o(.ARM.Collect$$libinit$$0000001D)
    __rt_lib_init_stdio_1                    0x08000163   Thumb Code     0  libinit2.o(.ARM.Collect$$libinit$$00000025)
    __rt_lib_init_user_alloc_1               0x08000163   Thumb Code     0  libinit2.o(.ARM.Collect$$libinit$$0000000C)
    __rt_lib_shutdown                        0x08000165   Thumb Code     0  libshutdown.o(.ARM.Collect$$libshutdown$$00000000)
    __rt_lib_shutdown_cpp_1                  0x08000167   Thumb Code     0  libshutdown2.o(.ARM.Collect$$libshutdown$$00000002)
    __rt_lib_shutdown_fp_trap_1              0x08000167   Thumb Code     0  libshutdown2.o(.ARM.Collect$$libshutdown$$00000007)
    __rt_lib_shutdown_heap_1                 0x08000167   Thumb Code     0  libshutdown2.o(.ARM.Collect$$libshutdown$$0000000F)
    __rt_lib_shutdown_return                 0x08000167   Thumb Code     0  libshutdown2.o(.ARM.Collect$$libshutdown$$00000010)
    __rt_lib_shutdown_signal_1               0x08000167   Thumb Code     0  libshutdown2.o(.ARM.Collect$$libshutdown$$0000000A)
    __rt_lib_shutdown_stdio_1                0x08000167   Thumb Code     0  libshutdown2.o(.ARM.Collect$$libshutdown$$00000004)
    __rt_lib_shutdown_user_alloc_1           0x08000167   Thumb Code     0  libshutdown2.o(.ARM.Collect$$libshutdown$$0000000C)
    __rt_entry                               0x08000169   Thumb Code     0  __rtentry.o(.ARM.Collect$$rtentry$$00000000)
    __rt_entry_presh_1                       0x08000169   Thumb Code     0  __rtentry2.o(.ARM.Collect$$rtentry$$00000002)
    __rt_entry_sh                            0x08000169   Thumb Code     0  __rtentry4.o(.ARM.Collect$$rtentry$$00000004)
    __rt_entry_li                            0x0800016f   Thumb Code     0  __rtentry2.o(.ARM.Collect$$rtentry$$0000000A)
    __rt_entry_postsh_1                      0x0800016f   Thumb Code     0  __rtentry2.o(.ARM.Collect$$rtentry$$00000009)
    __rt_entry_main                          0x08000173   Thumb Code     0  __rtentry2.o(.ARM.Collect$$rtentry$$0000000D)
    __rt_entry_postli_1                      0x08000173   Thumb Code     0  __rtentry2.o(.ARM.Collect$$rtentry$$0000000C)
    __rt_exit                                0x0800017b   Thumb Code     0  rtexit.o(.ARM.Collect$$rtexit$$00000000)
    __rt_exit_ls                             0x0800017d   Thumb Code     0  rtexit2.o(.ARM.Collect$$rtexit$$00000003)
    __rt_exit_prels_1                        0x0800017d   Thumb Code     0  rtexit2.o(.ARM.Collect$$rtexit$$00000002)
    __rt_exit_exit                           0x08000181   Thumb Code     0  rtexit2.o(.ARM.Collect$$rtexit$$00000004)
    SVC_Handler                              0x08000189   Thumb Code    32  port.o(.emb_text)
    __asm___6_port_c_39a90d8d__prvStartFirstTask 0x080001ad   Thumb Code    28  port.o(.emb_text)
    PendSV_Handler                           0x080001cd   Thumb Code    72  port.o(.emb_text)
    vPortGetIPSR                             0x08000219   Thumb Code     6  port.o(.emb_text)
    Reset_Handler                            0x08000221   Thumb Code     8  startup_stm32f103xb.o(.text)
    ADC1_2_IRQHandler                        0x0800023b   Thumb Code     0  startup_stm32f103xb.o(.text)
    CAN1_RX1_IRQHandler                      0x0800023b   Thumb Code     0  startup_stm32f103xb.o(.text)
    CAN1_SCE_IRQHandler                      0x0800023b   Thumb Code     0  startup_stm32f103xb.o(.text)
    DMA1_Channel1_IRQHandler                 0x0800023b   Thumb Code     0  startup_stm32f103xb.o(.text)
    DMA1_Channel2_IRQHandler                 0x0800023b   Thumb Code     0  startup_stm32f103xb.o(.text)
    DMA1_Channel3_IRQHandler                 0x0800023b   Thumb Code     0  startup_stm32f103xb.o(.text)
    DMA1_Channel4_IRQHandler                 0x0800023b   Thumb Code     0  startup_stm32f103xb.o(.text)
    DMA1_Channel5_IRQHandler                 0x0800023b   Thumb Code     0  startup_stm32f103xb.o(.text)
    DMA1_Channel6_IRQHandler                 0x0800023b   Thumb Code     0  startup_stm32f103xb.o(.text)
    DMA1_Channel7_IRQHandler                 0x0800023b   Thumb Code     0  startup_stm32f103xb.o(.text)
    EXTI0_IRQHandler                         0x0800023b   Thumb Code     0  startup_stm32f103xb.o(.text)
    EXTI15_10_IRQHandler                     0x0800023b   Thumb Code     0  startup_stm32f103xb.o(.text)
    EXTI1_IRQHandler                         0x0800023b   Thumb Code     0  startup_stm32f103xb.o(.text)
    EXTI2_IRQHandler                         0x0800023b   Thumb Code     0  startup_stm32f103xb.o(.text)
    EXTI3_IRQHandler                         0x0800023b   Thumb Code     0  startup_stm32f103xb.o(.text)
    EXTI4_IRQHandler                         0x0800023b   Thumb Code     0  startup_stm32f103xb.o(.text)
    EXTI9_5_IRQHandler                       0x0800023b   Thumb Code     0  startup_stm32f103xb.o(.text)
    FLASH_IRQHandler                         0x0800023b   Thumb Code     0  startup_stm32f103xb.o(.text)
    I2C1_ER_IRQHandler                       0x0800023b   Thumb Code     0  startup_stm32f103xb.o(.text)
    I2C1_EV_IRQHandler                       0x0800023b   Thumb Code     0  startup_stm32f103xb.o(.text)
    I2C2_ER_IRQHandler                       0x0800023b   Thumb Code     0  startup_stm32f103xb.o(.text)
    I2C2_EV_IRQHandler                       0x0800023b   Thumb Code     0  startup_stm32f103xb.o(.text)
    PVD_IRQHandler                           0x0800023b   Thumb Code     0  startup_stm32f103xb.o(.text)
    RCC_IRQHandler                           0x0800023b   Thumb Code     0  startup_stm32f103xb.o(.text)
    RTC_Alarm_IRQHandler                     0x0800023b   Thumb Code     0  startup_stm32f103xb.o(.text)
    RTC_IRQHandler                           0x0800023b   Thumb Code     0  startup_stm32f103xb.o(.text)
    SPI1_IRQHandler                          0x0800023b   Thumb Code     0  startup_stm32f103xb.o(.text)
    SPI2_IRQHandler                          0x0800023b   Thumb Code     0  startup_stm32f103xb.o(.text)
    TAMPER_IRQHandler                        0x0800023b   Thumb Code     0  startup_stm32f103xb.o(.text)
    TIM1_BRK_IRQHandler                      0x0800023b   Thumb Code     0  startup_stm32f103xb.o(.text)
    TIM1_CC_IRQHandler                       0x0800023b   Thumb Code     0  startup_stm32f103xb.o(.text)
    TIM1_TRG_COM_IRQHandler                  0x0800023b   Thumb Code     0  startup_stm32f103xb.o(.text)
    TIM2_IRQHandler                          0x0800023b   Thumb Code     0  startup_stm32f103xb.o(.text)
    TIM3_IRQHandler                          0x0800023b   Thumb Code     0  startup_stm32f103xb.o(.text)
    USART1_IRQHandler                        0x0800023b   Thumb Code     0  startup_stm32f103xb.o(.text)
    USART2_IRQHandler                        0x0800023b   Thumb Code     0  startup_stm32f103xb.o(.text)
    USART3_IRQHandler                        0x0800023b   Thumb Code     0  startup_stm32f103xb.o(.text)
    USBWakeUp_IRQHandler                     0x0800023b   Thumb Code     0  startup_stm32f103xb.o(.text)
    USB_HP_CAN1_TX_IRQHandler                0x0800023b   Thumb Code     0  startup_stm32f103xb.o(.text)
    USB_LP_CAN1_RX0_IRQHandler               0x0800023b   Thumb Code     0  startup_stm32f103xb.o(.text)
    WWDG_IRQHandler                          0x0800023b   Thumb Code     0  startup_stm32f103xb.o(.text)
    __user_initial_stackheap                 0x0800023d   Thumb Code     0  startup_stm32f103xb.o(.text)
    __aeabi_memcpy                           0x08000261   Thumb Code     0  rt_memcpy_v6.o(.text)
    __rt_memcpy                              0x08000261   Thumb Code   138  rt_memcpy_v6.o(.text)
    _memcpy_lastbytes                        0x080002c7   Thumb Code     0  rt_memcpy_v6.o(.text)
    __aeabi_memcpy4                          0x080002eb   Thumb Code     0  rt_memcpy_w.o(.text)
    __aeabi_memcpy8                          0x080002eb   Thumb Code     0  rt_memcpy_w.o(.text)
    __rt_memcpy_w                            0x080002eb   Thumb Code   100  rt_memcpy_w.o(.text)
    _memcpy_lastbytes_aligned                0x08000333   Thumb Code     0  rt_memcpy_w.o(.text)
    __aeabi_memclr                           0x0800034f   Thumb Code     0  rt_memclr.o(.text)
    __rt_memclr                              0x0800034f   Thumb Code    68  rt_memclr.o(.text)
    _memset                                  0x08000353   Thumb Code     0  rt_memclr.o(.text)
    __aeabi_memclr4                          0x08000393   Thumb Code     0  rt_memclr_w.o(.text)
    __aeabi_memclr8                          0x08000393   Thumb Code     0  rt_memclr_w.o(.text)
    __rt_memclr_w                            0x08000393   Thumb Code    78  rt_memclr_w.o(.text)
    _memset_w                                0x08000397   Thumb Code     0  rt_memclr_w.o(.text)
    __use_two_region_memory                  0x080003e1   Thumb Code     2  heapauxi.o(.text)
    __rt_heap_escrow$2region                 0x080003e3   Thumb Code     2  heapauxi.o(.text)
    __rt_heap_expand$2region                 0x080003e5   Thumb Code     2  heapauxi.o(.text)
    __read_errno                             0x080003e7   Thumb Code    10  _rserrno.o(.text)
    __set_errno                              0x080003f1   Thumb Code    12  _rserrno.o(.text)
    __aeabi_errno_addr                       0x080003fd   Thumb Code     8  rt_errno_addr_intlibspace.o(.text)
    __errno$intlibspace                      0x080003fd   Thumb Code     0  rt_errno_addr_intlibspace.o(.text)
    __rt_errno_addr$intlibspace              0x080003fd   Thumb Code     0  rt_errno_addr_intlibspace.o(.text)
    __user_libspace                          0x08000405   Thumb Code     8  libspace.o(.text)
    __user_perproc_libspace                  0x08000405   Thumb Code     0  libspace.o(.text)
    __user_perthread_libspace                0x08000405   Thumb Code     0  libspace.o(.text)
    __user_setup_stackheap                   0x0800040d   Thumb Code    74  sys_stackheap_outer.o(.text)
    exit                                     0x08000457   Thumb Code    18  exit.o(.text)
    _sys_exit                                0x08000469   Thumb Code     8  sys_exit.o(.text)
    __I$use$semihosting                      0x08000475   Thumb Code     0  use_no_semi.o(.text)
    __use_no_semihosting_swi                 0x08000475   Thumb Code     2  use_no_semi.o(.text)
    BusFault_Handler                         0x08000477   Thumb Code     4  stm32f1xx_it.o(i.BusFault_Handler)
    __semihosting_library_function           0x08000477   Thumb Code     0  indicate_semi.o(.text)
    DebugMon_Handler                         0x0800047b   Thumb Code     2  stm32f1xx_it.o(i.DebugMon_Handler)
    Error_Handler                            0x0800047d   Thumb Code     6  main.o(i.Error_Handler)
    HAL_Delay                                0x08000485   Thumb Code    36  stm32f1xx_hal.o(i.HAL_Delay)
    HAL_GPIO_Init                            0x080004ad   Thumb Code   766  stm32f1xx_hal_gpio.o(i.HAL_GPIO_Init)
    HAL_GPIO_WritePin                        0x080007cd   Thumb Code    12  stm32f1xx_hal_gpio.o(i.HAL_GPIO_WritePin)
    HAL_GetTick                              0x080007d9   Thumb Code     6  stm32f1xx_hal.o(i.HAL_GetTick)
    HAL_I2C_Init                             0x080007e5   Thumb Code   446  stm32f1xx_hal_i2c.o(i.HAL_I2C_Init)
    HAL_I2C_Master_Transmit                  0x080009b5   Thumb Code   360  stm32f1xx_hal_i2c.o(i.HAL_I2C_Master_Transmit)
    HAL_I2C_MspInit                          0x08000b25   Thumb Code   106  i2c.o(i.HAL_I2C_MspInit)
    HAL_IncTick                              0x08000b9d   Thumb Code    16  stm32f1xx_hal.o(i.HAL_IncTick)
    HAL_Init                                 0x08000bb5   Thumb Code    34  stm32f1xx_hal.o(i.HAL_Init)
    HAL_InitTick                             0x08000bdd   Thumb Code   158  stm32f1xx_hal_timebase_tim.o(i.HAL_InitTick)
    HAL_MspInit                              0x08000c91   Thumb Code    86  stm32f1xx_hal_msp.o(i.HAL_MspInit)
    HAL_NVIC_EnableIRQ                       0x08000cf1   Thumb Code    32  stm32f1xx_hal_cortex.o(i.HAL_NVIC_EnableIRQ)
    HAL_NVIC_SetPriority                     0x08000d11   Thumb Code   124  stm32f1xx_hal_cortex.o(i.HAL_NVIC_SetPriority)
    HAL_NVIC_SetPriorityGrouping             0x08000d8d   Thumb Code    32  stm32f1xx_hal_cortex.o(i.HAL_NVIC_SetPriorityGrouping)
    HAL_RCC_ClockConfig                      0x08000db5   Thumb Code   376  stm32f1xx_hal_rcc.o(i.HAL_RCC_ClockConfig)
    HAL_RCC_GetClockConfig                   0x08000f41   Thumb Code    58  stm32f1xx_hal_rcc.o(i.HAL_RCC_GetClockConfig)
    HAL_RCC_GetHCLKFreq                      0x08000f85   Thumb Code     6  stm32f1xx_hal_rcc.o(i.HAL_RCC_GetHCLKFreq)
    HAL_RCC_GetPCLK1Freq                     0x08000f91   Thumb Code    22  stm32f1xx_hal_rcc.o(i.HAL_RCC_GetPCLK1Freq)
    HAL_RCC_GetSysClockFreq                  0x08000fb1   Thumb Code    92  stm32f1xx_hal_rcc.o(i.HAL_RCC_GetSysClockFreq)
    HAL_RCC_OscConfig                        0x08001021   Thumb Code  1114  stm32f1xx_hal_rcc.o(i.HAL_RCC_OscConfig)
    HAL_TIMEx_BreakCallback                  0x08001485   Thumb Code     2  stm32f1xx_hal_tim_ex.o(i.HAL_TIMEx_BreakCallback)
    HAL_TIMEx_CommutCallback                 0x08001487   Thumb Code     2  stm32f1xx_hal_tim_ex.o(i.HAL_TIMEx_CommutCallback)
    HAL_TIMEx_MasterConfigSynchronization    0x08001489   Thumb Code   118  stm32f1xx_hal_tim_ex.o(i.HAL_TIMEx_MasterConfigSynchronization)
    HAL_TIM_Base_Init                        0x0800150d   Thumb Code   102  stm32f1xx_hal_tim.o(i.HAL_TIM_Base_Init)
    HAL_TIM_Base_MspInit                     0x08001575   Thumb Code   116  tim.o(i.HAL_TIM_Base_MspInit)
    HAL_TIM_Base_Start_IT                    0x080015f5   Thumb Code   106  stm32f1xx_hal_tim.o(i.HAL_TIM_Base_Start_IT)
    HAL_TIM_ConfigClockSource                0x0800166d   Thumb Code   268  stm32f1xx_hal_tim.o(i.HAL_TIM_ConfigClockSource)
    HAL_TIM_IC_CaptureCallback               0x08001779   Thumb Code     2  stm32f1xx_hal_tim.o(i.HAL_TIM_IC_CaptureCallback)
    HAL_TIM_IC_ConfigChannel                 0x0800177b   Thumb Code   222  stm32f1xx_hal_tim.o(i.HAL_TIM_IC_ConfigChannel)
    HAL_TIM_IC_Init                          0x08001859   Thumb Code   102  stm32f1xx_hal_tim.o(i.HAL_TIM_IC_Init)
    HAL_TIM_IC_MspInit                       0x080018bf   Thumb Code     2  stm32f1xx_hal_tim.o(i.HAL_TIM_IC_MspInit)
    HAL_TIM_IRQHandler                       0x080018c1   Thumb Code   364  stm32f1xx_hal_tim.o(i.HAL_TIM_IRQHandler)
    HAL_TIM_OC_DelayElapsedCallback          0x08001a2d   Thumb Code     2  stm32f1xx_hal_tim.o(i.HAL_TIM_OC_DelayElapsedCallback)
    HAL_TIM_PWM_PulseFinishedCallback        0x08001a2f   Thumb Code     2  stm32f1xx_hal_tim.o(i.HAL_TIM_PWM_PulseFinishedCallback)
    HAL_TIM_PeriodElapsedCallback            0x08001a31   Thumb Code    18  main.o(i.HAL_TIM_PeriodElapsedCallback)
    HAL_TIM_TriggerCallback                  0x08001a49   Thumb Code     2  stm32f1xx_hal_tim.o(i.HAL_TIM_TriggerCallback)
    HardFault_Handler                        0x08001a4b   Thumb Code     4  stm32f1xx_it.o(i.HardFault_Handler)
    MX_FREERTOS_Init                         0x08001dd1   Thumb Code   102  freertos.o(i.MX_FREERTOS_Init)
    MX_GPIO_Init                             0x08001e4d   Thumb Code   130  gpio.o(i.MX_GPIO_Init)
    MX_I2C2_Init                             0x08001ed9   Thumb Code    48  i2c.o(i.MX_I2C2_Init)
    MX_TIM1_Init                             0x08001f15   Thumb Code   174  tim.o(i.MX_TIM1_Init)
    MemManage_Handler                        0x08001fcd   Thumb Code     4  stm32f1xx_it.o(i.MemManage_Handler)
    NMI_Handler                              0x08001fd1   Thumb Code     4  stm32f1xx_it.o(i.NMI_Handler)
    OLED_DrawLine                            0x08001fd5   Thumb Code   326  oled.o(i.OLED_DrawLine)
    OLED_Init                                0x08002121   Thumb Code   180  oled.o(i.OLED_Init)
    OLED_NewFrame                            0x080021d5   Thumb Code    14  oled.o(i.OLED_NewFrame)
    OLED_Send                                0x080021e9   Thumb Code    26  oled.o(i.OLED_Send)
    OLED_SendCmd                             0x08002209   Thumb Code    16  oled.o(i.OLED_SendCmd)
    OLED_SetPixel                            0x0800221d   Thumb Code   132  oled.o(i.OLED_SetPixel)
    OLED_ShowFrame                           0x080022a5   Thumb Code    68  oled.o(i.OLED_ShowFrame)
    StartDefaultTask                         0x08002319   Thumb Code    10  freertos.o(i.StartDefaultTask)
    StartTask02                              0x08002325   Thumb Code   378  freertos.o(i.StartTask02)
    StartTask03                              0x080024b5   Thumb Code    10  freertos.o(i.StartTask03)
    StartTask04                              0x080024bf   Thumb Code    10  freertos.o(i.StartTask04)
    SysTick_Handler                          0x080024c9   Thumb Code    46  port.o(i.SysTick_Handler)
    SystemClock_Config                       0x080024fd   Thumb Code   102  main.o(i.SystemClock_Config)
    SystemInit                               0x08002563   Thumb Code     2  system_stm32f1xx.o(i.SystemInit)
    TIM1_UP_IRQHandler                       0x08002565   Thumb Code    10  stm32f1xx_it.o(i.TIM1_UP_IRQHandler)
    TIM4_IRQHandler                          0x08002575   Thumb Code    10  stm32f1xx_it.o(i.TIM4_IRQHandler)
    TIM_Base_SetConfig                       0x08002585   Thumb Code   120  stm32f1xx_hal_tim.o(i.TIM_Base_SetConfig)
    TIM_ETR_SetConfig                        0x08002609   Thumb Code    22  stm32f1xx_hal_tim.o(i.TIM_ETR_SetConfig)
    TIM_TI1_SetConfig                        0x08002659   Thumb Code    90  stm32f1xx_hal_tim.o(i.TIM_TI1_SetConfig)
    UsageFault_Handler                       0x08002797   Thumb Code     4  stm32f1xx_it.o(i.UsageFault_Handler)
    __ARM_fpclassify                         0x0800279b   Thumb Code    40  fpclassify.o(i.__ARM_fpclassify)
    __ieee754_rem_pio2                       0x080027fd   Thumb Code   828  rred.o(i.__ieee754_rem_pio2)
    __kernel_cos                             0x08002b85   Thumb Code   230  cos_i.o(i.__kernel_cos)
    __kernel_poly                            0x08002c81   Thumb Code   170  poly.o(i.__kernel_poly)
    __kernel_sin                             0x08002d2d   Thumb Code   224  sin_i.o(i.__kernel_sin)
    __mathlib_dbl_infnan                     0x08002e19   Thumb Code     6  dunder.o(i.__mathlib_dbl_infnan)
    __mathlib_dbl_invalid                    0x08002e1f   Thumb Code    12  dunder.o(i.__mathlib_dbl_invalid)
    __mathlib_dbl_underflow                  0x08002e2d   Thumb Code    10  dunder.o(i.__mathlib_dbl_underflow)
    cos                                      0x08002e3d   Thumb Code   148  cos.o(i.cos)
    main                                     0x08002ed9   Thumb Code    42  main.o(i.main)
    osDelay                                  0x08002f11   Thumb Code    24  cmsis_os.o(i.osDelay)
    osKernelStart                            0x08002f29   Thumb Code    10  cmsis_os.o(i.osKernelStart)
    osThreadCreate                           0x08002f33   Thumb Code    94  cmsis_os.o(i.osThreadCreate)
    pvPortMalloc                             0x08003411   Thumb Code   306  heap_4.o(i.pvPortMalloc)
    pxPortInitialiseStack                    0x0800355d   Thumb Code    30  port.o(i.pxPortInitialiseStack)
    sin                                      0x08003581   Thumb Code   150  sin.o(i.sin)
    uxListRemove                             0x08003621   Thumb Code    40  list.o(i.uxListRemove)
    vApplicationGetIdleTaskMemory            0x08003649   Thumb Code    14  freertos.o(i.vApplicationGetIdleTaskMemory)
    vListInitialise                          0x08003661   Thumb Code    26  list.o(i.vListInitialise)
    vListInitialiseItem                      0x0800367b   Thumb Code     6  list.o(i.vListInitialiseItem)
    vListInsert                              0x08003681   Thumb Code    52  list.o(i.vListInsert)
    vListInsertEnd                           0x080036b5   Thumb Code    24  list.o(i.vListInsertEnd)
    vPortEnterCritical                       0x080036cd   Thumb Code    76  port.o(i.vPortEnterCritical)
    vPortExitCritical                        0x08003721   Thumb Code    56  port.o(i.vPortExitCritical)
    vPortFree                                0x0800375d   Thumb Code   150  heap_4.o(i.vPortFree)
    vPortSetupTimerInterrupt                 0x08003801   Thumb Code    36  port.o(i.vPortSetupTimerInterrupt)
    vTaskDelay                               0x08003829   Thumb Code    82  tasks.o(i.vTaskDelay)
    vTaskStartScheduler                      0x08003885   Thumb Code   146  tasks.o(i.vTaskStartScheduler)
    vTaskSuspendAll                          0x08003935   Thumb Code    12  tasks.o(i.vTaskSuspendAll)
    vTaskSwitchContext                       0x08003945   Thumb Code   118  tasks.o(i.vTaskSwitchContext)
    xPortStartScheduler                      0x080039d1   Thumb Code   228  port.o(i.xPortStartScheduler)
    xTaskCreate                              0x08003ac9   Thumb Code   100  tasks.o(i.xTaskCreate)
    xTaskCreateStatic                        0x08003b2d   Thumb Code   186  tasks.o(i.xTaskCreateStatic)
    xTaskIncrementTick                       0x08003be9   Thumb Code   282  tasks.o(i.xTaskIncrementTick)
    xTaskResumeAll                           0x08003d31   Thumb Code   224  tasks.o(i.xTaskResumeAll)
    __aeabi_dadd                             0x08003e35   Thumb Code     0  daddsub_clz.o(x$fpl$dadd)
    _dadd                                    0x08003e35   Thumb Code   332  daddsub_clz.o(x$fpl$dadd)
    __fpl_dcheck_NaN1                        0x08003f85   Thumb Code    10  dcheck1.o(x$fpl$dcheck1)
    __aeabi_ddiv                             0x08003f95   Thumb Code     0  ddiv.o(x$fpl$ddiv)
    _ddiv                                    0x08003f95   Thumb Code   552  ddiv.o(x$fpl$ddiv)
    __aeabi_d2iz                             0x08004245   Thumb Code     0  dfix.o(x$fpl$dfix)
    _dfix                                    0x08004245   Thumb Code    94  dfix.o(x$fpl$dfix)
    __aeabi_i2d                              0x080042a3   Thumb Code     0  dflt_clz.o(x$fpl$dflt)
    _dflt                                    0x080042a3   Thumb Code    46  dflt_clz.o(x$fpl$dflt)
    __aeabi_ui2d                             0x080042d1   Thumb Code     0  dflt_clz.o(x$fpl$dfltu)
    _dfltu                                   0x080042d1   Thumb Code    38  dflt_clz.o(x$fpl$dfltu)
    __aeabi_dmul                             0x080042f9   Thumb Code     0  dmul.o(x$fpl$dmul)
    _dmul                                    0x080042f9   Thumb Code   332  dmul.o(x$fpl$dmul)
    __fpl_dnaninf                            0x0800444d   Thumb Code   156  dnaninf.o(x$fpl$dnaninf)
    __fpl_dretinf                            0x080044e9   Thumb Code    12  dretinf.o(x$fpl$dretinf)
    __aeabi_drsub                            0x080044f5   Thumb Code     0  daddsub_clz.o(x$fpl$drsb)
    _drsb                                    0x080044f5   Thumb Code    22  daddsub_clz.o(x$fpl$drsb)
    __aeabi_dsub                             0x0800450d   Thumb Code     0  daddsub_clz.o(x$fpl$dsub)
    _dsub                                    0x0800450d   Thumb Code   464  daddsub_clz.o(x$fpl$dsub)
    __fpl_return_NaN                         0x080046e1   Thumb Code   100  retnan.o(x$fpl$retnan)
    __ARM_scalbn                             0x08004745   Thumb Code    92  scalbn.o(x$fpl$scalbn)
    __fpl_cmpreturn                          0x080047a1   Thumb Code    48  trapv.o(x$fpl$trapveneer)
    __I$use$fp                               0x080047d0   Number         0  usenofp.o(x$fpl$usenofp)
    AHBPrescTable                            0x08004852   Data          16  system_stm32f1xx.o(.constdata)
    APBPrescTable                            0x08004862   Data           8  system_stm32f1xx.o(.constdata)
    Region$$Table$$Base                      0x080049c0   Number         0  anon$$obj.o(Region$$Table)
    Region$$Table$$Limit                     0x080049e0   Number         0  anon$$obj.o(Region$$Table)
    defaultTaskHandle                        0x20000000   Data           4  freertos.o(.data)
    myTask02Handle                           0x20000004   Data           4  freertos.o(.data)
    myTask03Handle                           0x20000008   Data           4  freertos.o(.data)
    myTask04Handle                           0x2000000c   Data           4  freertos.o(.data)
    uwTick                                   0x20000010   Data           4  stm32f1xx_hal.o(.data)
    uwTickPrio                               0x20000014   Data           4  stm32f1xx_hal.o(.data)
    uwTickFreq                               0x20000018   Data           1  stm32f1xx_hal.o(.data)
    SystemCoreClock                          0x2000001c   Data           4  system_stm32f1xx.o(.data)
    pxCurrentTCB                             0x20000020   Data           4  tasks.o(.data)
    hi2c2                                    0x200002e0   Data          84  i2c.o(.bss)
    htim1                                    0x20000334   Data          72  tim.o(.bss)
    htim4                                    0x2000037c   Data          72  stm32f1xx_hal_timebase_tim.o(.bss)
    OLED_GRAM                                0x200010b4   Data        1024  oled.o(.bss)
    __libspace_start                         0x20001538   Data          96  libspace.o(.bss)
    __temporary_stack_top$libspace           0x20001598   Data           0  libspace.o(.bss)



==============================================================================

Memory Map of the image

  Image Entry point : 0x080000ed

  Load Region LR_IROM1 (Base: 0x08000000, Size: 0x00004a6c, Max: 0x00010000, ABSOLUTE)

    Execution Region ER_IROM1 (Exec base: 0x08000000, Load base: 0x08000000, Size: 0x000049e0, Max: 0x00010000, ABSOLUTE)

    Exec Addr    Load Addr    Size         Type   Attr      Idx    E Section Name        Object

    0x08000000   0x08000000   0x000000ec   Data   RO            3    RESET               startup_stm32f103xb.o
    0x080000ec   0x080000ec   0x00000008   Code   RO         4633  * !!!main             c_w.l(__main.o)
    0x080000f4   0x080000f4   0x00000034   Code   RO         4880    !!!scatter          c_w.l(__scatter.o)
    0x08000128   0x08000128   0x0000001a   Code   RO         4882    !!handler_copy      c_w.l(__scatter_copy.o)
    0x08000142   0x08000142   0x00000002   PAD
    0x08000144   0x08000144   0x0000001c   Code   RO         4884    !!handler_zi        c_w.l(__scatter_zi.o)
    0x08000160   0x08000160   0x00000002   Code   RO         4747    .ARM.Collect$$libinit$$00000000  c_w.l(libinit.o)
    0x08000162   0x08000162   0x00000000   Code   RO         4753    .ARM.Collect$$libinit$$00000002  c_w.l(libinit2.o)
    0x08000162   0x08000162   0x00000000   Code   RO         4755    .ARM.Collect$$libinit$$00000004  c_w.l(libinit2.o)
    0x08000162   0x08000162   0x00000000   Code   RO         4758    .ARM.Collect$$libinit$$0000000A  c_w.l(libinit2.o)
    0x08000162   0x08000162   0x00000000   Code   RO         4760    .ARM.Collect$$libinit$$0000000C  c_w.l(libinit2.o)
    0x08000162   0x08000162   0x00000000   Code   RO         4762    .ARM.Collect$$libinit$$0000000E  c_w.l(libinit2.o)
    0x08000162   0x08000162   0x00000000   Code   RO         4765    .ARM.Collect$$libinit$$00000011  c_w.l(libinit2.o)
    0x08000162   0x08000162   0x00000000   Code   RO         4767    .ARM.Collect$$libinit$$00000013  c_w.l(libinit2.o)
    0x08000162   0x08000162   0x00000000   Code   RO         4769    .ARM.Collect$$libinit$$00000015  c_w.l(libinit2.o)
    0x08000162   0x08000162   0x00000000   Code   RO         4771    .ARM.Collect$$libinit$$00000017  c_w.l(libinit2.o)
    0x08000162   0x08000162   0x00000000   Code   RO         4773    .ARM.Collect$$libinit$$00000019  c_w.l(libinit2.o)
    0x08000162   0x08000162   0x00000000   Code   RO         4775    .ARM.Collect$$libinit$$0000001B  c_w.l(libinit2.o)
    0x08000162   0x08000162   0x00000000   Code   RO         4777    .ARM.Collect$$libinit$$0000001D  c_w.l(libinit2.o)
    0x08000162   0x08000162   0x00000000   Code   RO         4779    .ARM.Collect$$libinit$$0000001F  c_w.l(libinit2.o)
    0x08000162   0x08000162   0x00000000   Code   RO         4781    .ARM.Collect$$libinit$$00000021  c_w.l(libinit2.o)
    0x08000162   0x08000162   0x00000000   Code   RO         4783    .ARM.Collect$$libinit$$00000023  c_w.l(libinit2.o)
    0x08000162   0x08000162   0x00000000   Code   RO         4785    .ARM.Collect$$libinit$$00000025  c_w.l(libinit2.o)
    0x08000162   0x08000162   0x00000000   Code   RO         4789    .ARM.Collect$$libinit$$0000002C  c_w.l(libinit2.o)
    0x08000162   0x08000162   0x00000000   Code   RO         4791    .ARM.Collect$$libinit$$0000002E  c_w.l(libinit2.o)
    0x08000162   0x08000162   0x00000000   Code   RO         4793    .ARM.Collect$$libinit$$00000030  c_w.l(libinit2.o)
    0x08000162   0x08000162   0x00000000   Code   RO         4795    .ARM.Collect$$libinit$$00000032  c_w.l(libinit2.o)
    0x08000162   0x08000162   0x00000002   Code   RO         4796    .ARM.Collect$$libinit$$00000033  c_w.l(libinit2.o)
    0x08000164   0x08000164   0x00000002   Code   RO         4820    .ARM.Collect$$libshutdown$$00000000  c_w.l(libshutdown.o)
    0x08000166   0x08000166   0x00000000   Code   RO         4833    .ARM.Collect$$libshutdown$$00000002  c_w.l(libshutdown2.o)
    0x08000166   0x08000166   0x00000000   Code   RO         4835    .ARM.Collect$$libshutdown$$00000004  c_w.l(libshutdown2.o)
    0x08000166   0x08000166   0x00000000   Code   RO         4838    .ARM.Collect$$libshutdown$$00000007  c_w.l(libshutdown2.o)
    0x08000166   0x08000166   0x00000000   Code   RO         4841    .ARM.Collect$$libshutdown$$0000000A  c_w.l(libshutdown2.o)
    0x08000166   0x08000166   0x00000000   Code   RO         4843    .ARM.Collect$$libshutdown$$0000000C  c_w.l(libshutdown2.o)
    0x08000166   0x08000166   0x00000000   Code   RO         4846    .ARM.Collect$$libshutdown$$0000000F  c_w.l(libshutdown2.o)
    0x08000166   0x08000166   0x00000002   Code   RO         4847    .ARM.Collect$$libshutdown$$00000010  c_w.l(libshutdown2.o)
    0x08000168   0x08000168   0x00000000   Code   RO         4673    .ARM.Collect$$rtentry$$00000000  c_w.l(__rtentry.o)
    0x08000168   0x08000168   0x00000000   Code   RO         4710    .ARM.Collect$$rtentry$$00000002  c_w.l(__rtentry2.o)
    0x08000168   0x08000168   0x00000006   Code   RO         4722    .ARM.Collect$$rtentry$$00000004  c_w.l(__rtentry4.o)
    0x0800016e   0x0800016e   0x00000000   Code   RO         4712    .ARM.Collect$$rtentry$$00000009  c_w.l(__rtentry2.o)
    0x0800016e   0x0800016e   0x00000004   Code   RO         4713    .ARM.Collect$$rtentry$$0000000A  c_w.l(__rtentry2.o)
    0x08000172   0x08000172   0x00000000   Code   RO         4715    .ARM.Collect$$rtentry$$0000000C  c_w.l(__rtentry2.o)
    0x08000172   0x08000172   0x00000008   Code   RO         4716    .ARM.Collect$$rtentry$$0000000D  c_w.l(__rtentry2.o)
    0x0800017a   0x0800017a   0x00000002   Code   RO         4750    .ARM.Collect$$rtexit$$00000000  c_w.l(rtexit.o)
    0x0800017c   0x0800017c   0x00000000   Code   RO         4800    .ARM.Collect$$rtexit$$00000002  c_w.l(rtexit2.o)
    0x0800017c   0x0800017c   0x00000004   Code   RO         4801    .ARM.Collect$$rtexit$$00000003  c_w.l(rtexit2.o)
    0x08000180   0x08000180   0x00000006   Code   RO         4802    .ARM.Collect$$rtexit$$00000004  c_w.l(rtexit2.o)
    0x08000186   0x08000186   0x00000002   PAD
    0x08000188   0x08000188   0x00000096   Code   RO         4332    .emb_text           port.o
    0x0800021e   0x0800021e   0x00000002   PAD
    0x08000220   0x08000220   0x00000040   Code   RO            4    .text               startup_stm32f103xb.o
    0x08000260   0x08000260   0x0000008a   Code   RO         4621    .text               c_w.l(rt_memcpy_v6.o)
    0x080002ea   0x080002ea   0x00000064   Code   RO         4623    .text               c_w.l(rt_memcpy_w.o)
    0x0800034e   0x0800034e   0x00000044   Code   RO         4627    .text               c_w.l(rt_memclr.o)
    0x08000392   0x08000392   0x0000004e   Code   RO         4629    .text               c_w.l(rt_memclr_w.o)
    0x080003e0   0x080003e0   0x00000006   Code   RO         4631    .text               c_w.l(heapauxi.o)
    0x080003e6   0x080003e6   0x00000016   Code   RO         4674    .text               c_w.l(_rserrno.o)
    0x080003fc   0x080003fc   0x00000008   Code   RO         4727    .text               c_w.l(rt_errno_addr_intlibspace.o)
    0x08000404   0x08000404   0x00000008   Code   RO         4735    .text               c_w.l(libspace.o)
    0x0800040c   0x0800040c   0x0000004a   Code   RO         4738    .text               c_w.l(sys_stackheap_outer.o)
    0x08000456   0x08000456   0x00000012   Code   RO         4740    .text               c_w.l(exit.o)
    0x08000468   0x08000468   0x0000000c   Code   RO         4812    .text               c_w.l(sys_exit.o)
    0x08000474   0x08000474   0x00000002   Code   RO         4823    .text               c_w.l(use_no_semi.o)
    0x08000476   0x08000476   0x00000000   Code   RO         4825    .text               c_w.l(indicate_semi.o)
    0x08000476   0x08000476   0x00000004   Code   RO          419    i.BusFault_Handler  stm32f1xx_it.o
    0x0800047a   0x0800047a   0x00000002   Code   RO          420    i.DebugMon_Handler  stm32f1xx_it.o
    0x0800047c   0x0800047c   0x00000006   Code   RO           13    i.Error_Handler     main.o
    0x08000482   0x08000482   0x00000002   PAD
    0x08000484   0x08000484   0x00000028   Code   RO         1579    i.HAL_Delay         stm32f1xx_hal.o
    0x080004ac   0x080004ac   0x00000320   Code   RO         1894    i.HAL_GPIO_Init     stm32f1xx_hal_gpio.o
    0x080007cc   0x080007cc   0x0000000c   Code   RO         1898    i.HAL_GPIO_WritePin  stm32f1xx_hal_gpio.o
    0x080007d8   0x080007d8   0x0000000c   Code   RO         1583    i.HAL_GetTick       stm32f1xx_hal.o
    0x080007e4   0x080007e4   0x000001d0   Code   RO         2591    i.HAL_I2C_Init      stm32f1xx_hal_i2c.o
    0x080009b4   0x080009b4   0x00000170   Code   RO         2604    i.HAL_I2C_Master_Transmit  stm32f1xx_hal_i2c.o
    0x08000b24   0x08000b24   0x00000078   Code   RO          336    i.HAL_I2C_MspInit   i2c.o
    0x08000b9c   0x08000b9c   0x00000018   Code   RO         1589    i.HAL_IncTick       stm32f1xx_hal.o
    0x08000bb4   0x08000bb4   0x00000028   Code   RO         1590    i.HAL_Init          stm32f1xx_hal.o
    0x08000bdc   0x08000bdc   0x000000b4   Code   RO          513    i.HAL_InitTick      stm32f1xx_hal_timebase_tim.o
    0x08000c90   0x08000c90   0x00000060   Code   RO          489    i.HAL_MspInit       stm32f1xx_hal_msp.o
    0x08000cf0   0x08000cf0   0x00000020   Code   RO         2054    i.HAL_NVIC_EnableIRQ  stm32f1xx_hal_cortex.o
    0x08000d10   0x08000d10   0x0000007c   Code   RO         2060    i.HAL_NVIC_SetPriority  stm32f1xx_hal_cortex.o
    0x08000d8c   0x08000d8c   0x00000028   Code   RO         2061    i.HAL_NVIC_SetPriorityGrouping  stm32f1xx_hal_cortex.o
    0x08000db4   0x08000db4   0x0000018c   Code   RO         1747    i.HAL_RCC_ClockConfig  stm32f1xx_hal_rcc.o
    0x08000f40   0x08000f40   0x00000044   Code   RO         1751    i.HAL_RCC_GetClockConfig  stm32f1xx_hal_rcc.o
    0x08000f84   0x08000f84   0x0000000c   Code   RO         1752    i.HAL_RCC_GetHCLKFreq  stm32f1xx_hal_rcc.o
    0x08000f90   0x08000f90   0x00000020   Code   RO         1754    i.HAL_RCC_GetPCLK1Freq  stm32f1xx_hal_rcc.o
    0x08000fb0   0x08000fb0   0x00000070   Code   RO         1756    i.HAL_RCC_GetSysClockFreq  stm32f1xx_hal_rcc.o
    0x08001020   0x08001020   0x00000464   Code   RO         1759    i.HAL_RCC_OscConfig  stm32f1xx_hal_rcc.o
    0x08001484   0x08001484   0x00000002   Code   RO         1305    i.HAL_TIMEx_BreakCallback  stm32f1xx_hal_tim_ex.o
    0x08001486   0x08001486   0x00000002   Code   RO         1306    i.HAL_TIMEx_CommutCallback  stm32f1xx_hal_tim_ex.o
    0x08001488   0x08001488   0x00000084   Code   RO         1324    i.HAL_TIMEx_MasterConfigSynchronization  stm32f1xx_hal_tim_ex.o
    0x0800150c   0x0800150c   0x00000066   Code   RO          590    i.HAL_TIM_Base_Init  stm32f1xx_hal_tim.o
    0x08001572   0x08001572   0x00000002   PAD
    0x08001574   0x08001574   0x00000080   Code   RO          378    i.HAL_TIM_Base_MspInit  tim.o
    0x080015f4   0x080015f4   0x00000078   Code   RO          595    i.HAL_TIM_Base_Start_IT  stm32f1xx_hal_tim.o
    0x0800166c   0x0800166c   0x0000010c   Code   RO          599    i.HAL_TIM_ConfigClockSource  stm32f1xx_hal_tim.o
    0x08001778   0x08001778   0x00000002   Code   RO          624    i.HAL_TIM_IC_CaptureCallback  stm32f1xx_hal_tim.o
    0x0800177a   0x0800177a   0x000000de   Code   RO          626    i.HAL_TIM_IC_ConfigChannel  stm32f1xx_hal_tim.o
    0x08001858   0x08001858   0x00000066   Code   RO          629    i.HAL_TIM_IC_Init   stm32f1xx_hal_tim.o
    0x080018be   0x080018be   0x00000002   Code   RO          631    i.HAL_TIM_IC_MspInit  stm32f1xx_hal_tim.o
    0x080018c0   0x080018c0   0x0000016c   Code   RO          638    i.HAL_TIM_IRQHandler  stm32f1xx_hal_tim.o
    0x08001a2c   0x08001a2c   0x00000002   Code   RO          641    i.HAL_TIM_OC_DelayElapsedCallback  stm32f1xx_hal_tim.o
    0x08001a2e   0x08001a2e   0x00000002   Code   RO          668    i.HAL_TIM_PWM_PulseFinishedCallback  stm32f1xx_hal_tim.o
    0x08001a30   0x08001a30   0x00000018   Code   RO           14    i.HAL_TIM_PeriodElapsedCallback  main.o
    0x08001a48   0x08001a48   0x00000002   Code   RO          681    i.HAL_TIM_TriggerCallback  stm32f1xx_hal_tim.o
    0x08001a4a   0x08001a4a   0x00000004   Code   RO          421    i.HardFault_Handler  stm32f1xx_it.o
    0x08001a4e   0x08001a4e   0x0000003e   Code   RO         2635    i.I2C_IsAcknowledgeFailed  stm32f1xx_hal_i2c.o
    0x08001a8c   0x08001a8c   0x000000c0   Code   RO         2639    i.I2C_MasterRequestWrite  stm32f1xx_hal_i2c.o
    0x08001b4c   0x08001b4c   0x00000066   Code   RO         2655    i.I2C_WaitOnBTFFlagUntilTimeout  stm32f1xx_hal_i2c.o
    0x08001bb2   0x08001bb2   0x000000be   Code   RO         2656    i.I2C_WaitOnFlagUntilTimeout  stm32f1xx_hal_i2c.o
    0x08001c70   0x08001c70   0x000000fa   Code   RO         2657    i.I2C_WaitOnMasterAddressFlagUntilTimeout  stm32f1xx_hal_i2c.o
    0x08001d6a   0x08001d6a   0x00000066   Code   RO         2661    i.I2C_WaitOnTXEFlagUntilTimeout  stm32f1xx_hal_i2c.o
    0x08001dd0   0x08001dd0   0x0000007c   Code   RO          220    i.MX_FREERTOS_Init  freertos.o
    0x08001e4c   0x08001e4c   0x0000008c   Code   RO          196    i.MX_GPIO_Init      gpio.o
    0x08001ed8   0x08001ed8   0x0000003c   Code   RO          337    i.MX_I2C2_Init      i2c.o
    0x08001f14   0x08001f14   0x000000b8   Code   RO          379    i.MX_TIM1_Init      tim.o
    0x08001fcc   0x08001fcc   0x00000004   Code   RO          422    i.MemManage_Handler  stm32f1xx_it.o
    0x08001fd0   0x08001fd0   0x00000004   Code   RO          423    i.NMI_Handler       stm32f1xx_it.o
    0x08001fd4   0x08001fd4   0x0000014c   Code   RO         4432    i.OLED_DrawLine     oled.o
    0x08002120   0x08002120   0x000000b4   Code   RO         4435    i.OLED_Init         oled.o
    0x080021d4   0x080021d4   0x00000014   Code   RO         4436    i.OLED_NewFrame     oled.o
    0x080021e8   0x080021e8   0x00000020   Code   RO         4440    i.OLED_Send         oled.o
    0x08002208   0x08002208   0x00000014   Code   RO         4441    i.OLED_SendCmd      oled.o
    0x0800221c   0x0800221c   0x00000088   Code   RO         4448    i.OLED_SetPixel     oled.o
    0x080022a4   0x080022a4   0x0000004c   Code   RO         4449    i.OLED_ShowFrame    oled.o
    0x080022f0   0x080022f0   0x00000028   Code   RO         1760    i.RCC_Delay         stm32f1xx_hal_rcc.o
    0x08002318   0x08002318   0x0000000a   Code   RO          221    i.StartDefaultTask  freertos.o
    0x08002322   0x08002322   0x00000002   PAD
    0x08002324   0x08002324   0x00000190   Code   RO          222    i.StartTask02       freertos.o
    0x080024b4   0x080024b4   0x0000000a   Code   RO          223    i.StartTask03       freertos.o
    0x080024be   0x080024be   0x0000000a   Code   RO          224    i.StartTask04       freertos.o
    0x080024c8   0x080024c8   0x00000034   Code   RO         4333    i.SysTick_Handler   port.o
    0x080024fc   0x080024fc   0x00000066   Code   RO           15    i.SystemClock_Config  main.o
    0x08002562   0x08002562   0x00000002   Code   RO         3058    i.SystemInit        system_stm32f1xx.o
    0x08002564   0x08002564   0x00000010   Code   RO          424    i.TIM1_UP_IRQHandler  stm32f1xx_it.o
    0x08002574   0x08002574   0x00000010   Code   RO          425    i.TIM4_IRQHandler   stm32f1xx_it.o
    0x08002584   0x08002584   0x00000084   Code   RO          683    i.TIM_Base_SetConfig  stm32f1xx_hal_tim.o
    0x08002608   0x08002608   0x00000016   Code   RO          694    i.TIM_ETR_SetConfig  stm32f1xx_hal_tim.o
    0x0800261e   0x0800261e   0x00000012   Code   RO          695    i.TIM_ITRx_SetConfig  stm32f1xx_hal_tim.o
    0x08002630   0x08002630   0x00000026   Code   RO          701    i.TIM_TI1_ConfigInputStage  stm32f1xx_hal_tim.o
    0x08002656   0x08002656   0x00000002   PAD
    0x08002658   0x08002658   0x00000068   Code   RO          702    i.TIM_TI1_SetConfig  stm32f1xx_hal_tim.o
    0x080026c0   0x080026c0   0x00000028   Code   RO          703    i.TIM_TI2_ConfigInputStage  stm32f1xx_hal_tim.o
    0x080026e8   0x080026e8   0x0000003a   Code   RO          704    i.TIM_TI2_SetConfig  stm32f1xx_hal_tim.o
    0x08002722   0x08002722   0x00000038   Code   RO          705    i.TIM_TI3_SetConfig  stm32f1xx_hal_tim.o
    0x0800275a   0x0800275a   0x0000003c   Code   RO          706    i.TIM_TI4_SetConfig  stm32f1xx_hal_tim.o
    0x08002796   0x08002796   0x00000004   Code   RO          426    i.UsageFault_Handler  stm32f1xx_it.o
    0x0800279a   0x0800279a   0x00000028   Code   RO         4731    i.__ARM_fpclassify  m_ws.l(fpclassify.o)
    0x080027c2   0x080027c2   0x00000002   PAD
    0x080027c4   0x080027c4   0x00000010   Code   RO         2067    i.__NVIC_GetPriorityGrouping  stm32f1xx_hal_cortex.o
    0x080027d4   0x080027d4   0x00000028   Code   RO         2068    i.__NVIC_SetPriority  stm32f1xx_hal_cortex.o
    0x080027fc   0x080027fc   0x00000388   Code   RO         4698    i.__ieee754_rem_pio2  m_ws.l(rred.o)
    0x08002b84   0x08002b84   0x000000fc   Code   RO         4681    i.__kernel_cos      m_ws.l(cos_i.o)
    0x08002c80   0x08002c80   0x000000aa   Code   RO         4733    i.__kernel_poly     m_ws.l(poly.o)
    0x08002d2a   0x08002d2a   0x00000002   PAD
    0x08002d2c   0x08002d2c   0x000000ec   Code   RO         4703    i.__kernel_sin      m_ws.l(sin_i.o)
    0x08002e18   0x08002e18   0x00000006   Code   RO         4685    i.__mathlib_dbl_infnan  m_ws.l(dunder.o)
    0x08002e1e   0x08002e1e   0x0000000c   Code   RO         4687    i.__mathlib_dbl_invalid  m_ws.l(dunder.o)
    0x08002e2a   0x08002e2a   0x00000002   PAD
    0x08002e2c   0x08002e2c   0x00000010   Code   RO         4690    i.__mathlib_dbl_underflow  m_ws.l(dunder.o)
    0x08002e3c   0x08002e3c   0x0000009c   Code   RO         4658    i.cos               m_ws.l(cos.o)
    0x08002ed8   0x08002ed8   0x0000002a   Code   RO           16    i.main              main.o
    0x08002f02   0x08002f02   0x0000000e   Code   RO         3898    i.makeFreeRtosPriority  cmsis_os.o
    0x08002f10   0x08002f10   0x00000018   Code   RO         3900    i.osDelay           cmsis_os.o
    0x08002f28   0x08002f28   0x0000000a   Code   RO         3903    i.osKernelStart     cmsis_os.o
    0x08002f32   0x08002f32   0x0000005e   Code   RO         3937    i.osThreadCreate    cmsis_os.o
    0x08002f90   0x08002f90   0x00000098   Code   RO         3569    i.prvAddCurrentTaskToDelayedList  tasks.o
    0x08003028   0x08003028   0x000000b4   Code   RO         3570    i.prvAddNewTaskToReadyList  tasks.o
    0x080030dc   0x080030dc   0x00000048   Code   RO         3571    i.prvCheckTasksWaitingTermination  tasks.o
    0x08003124   0x08003124   0x00000050   Code   RO         3572    i.prvDeleteTCB      tasks.o
    0x08003174   0x08003174   0x0000007c   Code   RO         4265    i.prvHeapInit       heap_4.o
    0x080031f0   0x080031f0   0x00000028   Code   RO         3573    i.prvIdleTask       tasks.o
    0x08003218   0x08003218   0x000000b4   Code   RO         3574    i.prvInitialiseNewTask  tasks.o
    0x080032cc   0x080032cc   0x00000068   Code   RO         3575    i.prvInitialiseTaskLists  tasks.o
    0x08003334   0x08003334   0x00000068   Code   RO         4266    i.prvInsertBlockIntoFreeList  heap_4.o
    0x0800339c   0x0800339c   0x00000034   Code   RO         3576    i.prvResetNextTaskUnblockTime  tasks.o
    0x080033d0   0x080033d0   0x00000040   Code   RO         4334    i.prvTaskExitError  port.o
    0x08003410   0x08003410   0x0000014c   Code   RO         4267    i.pvPortMalloc      heap_4.o
    0x0800355c   0x0800355c   0x00000024   Code   RO         4335    i.pxPortInitialiseStack  port.o
    0x08003580   0x08003580   0x000000a0   Code   RO         4666    i.sin               m_ws.l(sin.o)
    0x08003620   0x08003620   0x00000028   Code   RO         3195    i.uxListRemove      list.o
    0x08003648   0x08003648   0x00000018   Code   RO          225    i.vApplicationGetIdleTaskMemory  freertos.o
    0x08003660   0x08003660   0x0000001a   Code   RO         3196    i.vListInitialise   list.o
    0x0800367a   0x0800367a   0x00000006   Code   RO         3197    i.vListInitialiseItem  list.o
    0x08003680   0x08003680   0x00000034   Code   RO         3198    i.vListInsert       list.o
    0x080036b4   0x080036b4   0x00000018   Code   RO         3199    i.vListInsertEnd    list.o
    0x080036cc   0x080036cc   0x00000054   Code   RO         4337    i.vPortEnterCritical  port.o
    0x08003720   0x08003720   0x0000003c   Code   RO         4338    i.vPortExitCritical  port.o
    0x0800375c   0x0800375c   0x000000a4   Code   RO         4268    i.vPortFree         heap_4.o
    0x08003800   0x08003800   0x00000028   Code   RO         4339    i.vPortSetupTimerInterrupt  port.o
    0x08003828   0x08003828   0x0000005c   Code   RO         3585    i.vTaskDelay        tasks.o
    0x08003884   0x08003884   0x000000b0   Code   RO         3598    i.vTaskStartScheduler  tasks.o
    0x08003934   0x08003934   0x00000010   Code   RO         3600    i.vTaskSuspendAll   tasks.o
    0x08003944   0x08003944   0x0000008c   Code   RO         3601    i.vTaskSwitchContext  tasks.o
    0x080039d0   0x080039d0   0x000000f8   Code   RO         4341    i.xPortStartScheduler  port.o
    0x08003ac8   0x08003ac8   0x00000064   Code   RO         3604    i.xTaskCreate       tasks.o
    0x08003b2c   0x08003b2c   0x000000ba   Code   RO         3605    i.xTaskCreateStatic  tasks.o
    0x08003be6   0x08003be6   0x00000002   PAD
    0x08003be8   0x08003be8   0x00000148   Code   RO         3612    i.xTaskIncrementTick  tasks.o
    0x08003d30   0x08003d30   0x00000104   Code   RO         3618    i.xTaskResumeAll    tasks.o
    0x08003e34   0x08003e34   0x00000150   Code   RO         4635    x$fpl$dadd          fz_ws.l(daddsub_clz.o)
    0x08003f84   0x08003f84   0x00000010   Code   RO         4748    x$fpl$dcheck1       fz_ws.l(dcheck1.o)
    0x08003f94   0x08003f94   0x000002b0   Code   RO         4642    x$fpl$ddiv          fz_ws.l(ddiv.o)
    0x08004244   0x08004244   0x0000005e   Code   RO         4645    x$fpl$dfix          fz_ws.l(dfix.o)
    0x080042a2   0x080042a2   0x0000002e   Code   RO         4650    x$fpl$dflt          fz_ws.l(dflt_clz.o)
    0x080042d0   0x080042d0   0x00000026   Code   RO         4649    x$fpl$dfltu         fz_ws.l(dflt_clz.o)
    0x080042f6   0x080042f6   0x00000002   PAD
    0x080042f8   0x080042f8   0x00000154   Code   RO         4655    x$fpl$dmul          fz_ws.l(dmul.o)
    0x0800444c   0x0800444c   0x0000009c   Code   RO         4676    x$fpl$dnaninf       fz_ws.l(dnaninf.o)
    0x080044e8   0x080044e8   0x0000000c   Code   RO         4678    x$fpl$dretinf       fz_ws.l(dretinf.o)
    0x080044f4   0x080044f4   0x00000016   Code   RO         4636    x$fpl$drsb          fz_ws.l(daddsub_clz.o)
    0x0800450a   0x0800450a   0x00000002   PAD
    0x0800450c   0x0800450c   0x000001d4   Code   RO         4637    x$fpl$dsub          fz_ws.l(daddsub_clz.o)
    0x080046e0   0x080046e0   0x00000064   Code   RO         4797    x$fpl$retnan        fz_ws.l(retnan.o)
    0x08004744   0x08004744   0x0000005c   Code   RO         4729    x$fpl$scalbn        fz_ws.l(scalbn.o)
    0x080047a0   0x080047a0   0x00000030   Code   RO         4810    x$fpl$trapveneer    fz_ws.l(trapv.o)
    0x080047d0   0x080047d0   0x00000000   Code   RO         4680    x$fpl$usenofp       fz_ws.l(usenofp.o)
    0x080047d0   0x080047d0   0x00000070   Data   RO          227    .constdata          freertos.o
    0x08004840   0x08004840   0x00000012   Data   RO         1761    .constdata          stm32f1xx_hal_rcc.o
    0x08004852   0x08004852   0x00000018   Data   RO         3059    .constdata          system_stm32f1xx.o
    0x0800486a   0x0800486a   0x00000006   PAD
    0x08004870   0x08004870   0x00000030   Data   RO         4682    .constdata          m_ws.l(cos_i.o)
    0x080048a0   0x080048a0   0x000000c8   Data   RO         4700    .constdata          m_ws.l(rred.o)
    0x08004968   0x08004968   0x00000028   Data   RO         4704    .constdata          m_ws.l(sin_i.o)
    0x08004990   0x08004990   0x00000030   Data   RO          228    .conststring        freertos.o
    0x080049c0   0x080049c0   0x00000020   Data   RO         4878    Region$$Table       anon$$obj.o


    Execution Region RW_IRAM1 (Exec base: 0x20000000, Load base: 0x080049e0, Size: 0x00001b98, Max: 0x00005000, ABSOLUTE)

    Exec Addr    Load Addr    Size         Type   Attr      Idx    E Section Name        Object

    0x20000000   0x080049e0   0x00000010   Data   RW          229    .data               freertos.o
    0x20000010   0x080049f0   0x00000009   Data   RW         1597    .data               stm32f1xx_hal.o
    0x20000019   0x080049f9   0x00000003   PAD
    0x2000001c   0x080049fc   0x00000004   Data   RW         3060    .data               system_stm32f1xx.o
    0x20000020   0x08004a00   0x0000003c   Data   RW         3621    .data               tasks.o
    0x2000005c   0x08004a3c   0x00000020   Data   RW         4274    .data               heap_4.o
    0x2000007c   0x08004a5c   0x0000000c   Data   RW         4342    .data               port.o
    0x20000088   0x08004a68   0x00000004   Data   RW         4452    .data               oled.o
    0x2000008c        -       0x00000254   Zero   RW          226    .bss                freertos.o
    0x200002e0        -       0x00000054   Zero   RW          338    .bss                i2c.o
    0x20000334        -       0x00000048   Zero   RW          380    .bss                tim.o
    0x2000037c        -       0x00000048   Zero   RW          516    .bss                stm32f1xx_hal_timebase_tim.o
    0x200003c4        -       0x000000f0   Zero   RW         3620    .bss                tasks.o
    0x200004b4        -       0x00000c00   Zero   RW         4273    .bss                heap_4.o
    0x200010b4        -       0x00000481   Zero   RW         4451    .bss                oled.o
    0x20001535   0x08004a6c   0x00000003   PAD
    0x20001538        -       0x00000060   Zero   RW         4736    .bss                c_w.l(libspace.o)
    0x20001598        -       0x00000200   Zero   RW            2    HEAP                startup_stm32f103xb.o
    0x20001798        -       0x00000400   Zero   RW            1    STACK               startup_stm32f103xb.o


==============================================================================

Image component sizes


      Code (inc. data)   RO Data    RW Data    ZI Data      Debug   Object Name

       142          0          0          0          0      22667   cmsis_os.o
         0          0          0          0          0      16824   event_groups.o
       578         54        160         16        596      33473   freertos.o
       140         10          0          0          0        839   gpio.o
       724         74          0         32       3072       7103   heap_4.o
       180         26          0          0         84       1481   i2c.o
       148          0          0          0          0       3226   list.o
       174          6          0          0          0     442068   main.o
       796         34          0          4       1153       6660   oled.o
       734         64          0         12          0      10048   port.o
        64         26        236          0       1536        780   startup_stm32f103xb.o
       116         24          0          9          0       5026   stm32f1xx_hal.o
       252         22          0          0          0      28478   stm32f1xx_hal_cortex.o
       812         34          0          0          0       2580   stm32f1xx_hal_gpio.o
      1730         32          0          0          0       7789   stm32f1xx_hal_i2c.o
        96         10          0          0          0        834   stm32f1xx_hal_msp.o
      1784         98         18          0          0       5786   stm32f1xx_hal_rcc.o
      1716         40          0          0          0      13817   stm32f1xx_hal_tim.o
       136         14          0          0          0       2301   stm32f1xx_hal_tim_ex.o
       180         22          0          0         72       1367   stm32f1xx_hal_timebase_tim.o
        54         12          0          0          0       3284   stm32f1xx_it.o
         0          0          0          0          0        392   stream_buffer.o
         2          0         24          4          0       1023   system_stm32f1xx.o
      2158        270          0         60        240      19337   tasks.o
       312         22          0          0         72       1714   tim.o

    ----------------------------------------------------------------------
     13040        894        476        140       6828     638897   Object Totals
         0          0         32          0          0          0   (incl. Generated)
        12          0          6          3          3          0   (incl. Padding)

    ----------------------------------------------------------------------

      Code (inc. data)   RO Data    RW Data    ZI Data      Debug   Library Member Name

         8          0          0          0          0         68   __main.o
         0          0          0          0          0          0   __rtentry.o
        12          0          0          0          0          0   __rtentry2.o
         6          0          0          0          0          0   __rtentry4.o
        52          8          0          0          0          0   __scatter.o
        26          0          0          0          0          0   __scatter_copy.o
        28          0          0          0          0          0   __scatter_zi.o
        22          0          0          0          0        100   _rserrno.o
        18          0          0          0          0         80   exit.o
         6          0          0          0          0        152   heapauxi.o
         0          0          0          0          0          0   indicate_semi.o
         2          0          0          0          0          0   libinit.o
         2          0          0          0          0          0   libinit2.o
         2          0          0          0          0          0   libshutdown.o
         2          0          0          0          0          0   libshutdown2.o
         8          4          0          0         96         68   libspace.o
         8          4          0          0          0         68   rt_errno_addr_intlibspace.o
        68          0          0          0          0         68   rt_memclr.o
        78          0          0          0          0         80   rt_memclr_w.o
       138          0          0          0          0         68   rt_memcpy_v6.o
       100          0          0          0          0         80   rt_memcpy_w.o
         2          0          0          0          0          0   rtexit.o
        10          0          0          0          0          0   rtexit2.o
        12          4          0          0          0         68   sys_exit.o
        74          0          0          0          0         80   sys_stackheap_outer.o
         2          0          0          0          0         68   use_no_semi.o
       826         16          0          0          0        348   daddsub_clz.o
        16          4          0          0          0         68   dcheck1.o
       688        140          0          0          0        208   ddiv.o
        94          4          0          0          0         92   dfix.o
        84          0          0          0          0        136   dflt_clz.o
       340         12          0          0          0        104   dmul.o
       156          4          0          0          0         92   dnaninf.o
        12          0          0          0          0         68   dretinf.o
       100          0          0          0          0         68   retnan.o
        92          0          0          0          0         68   scalbn.o
        48          0          0          0          0         68   trapv.o
         0          0          0          0          0          0   usenofp.o
       156          8          0          0          0        104   cos.o
       252         22         48          0          0        124   cos_i.o
        34          6          0          0          0        204   dunder.o
        40          0          0          0          0         68   fpclassify.o
       170          0          0          0          0         96   poly.o
       904         76        200          0          0        140   rred.o
       160         10          0          0          0        108   sin.o
       236         12         40          0          0        128   sin_i.o

    ----------------------------------------------------------------------
      5108        334        288          0         96       3340   Library Totals
        14          0          0          0          0          0   (incl. Padding)

    ----------------------------------------------------------------------

      Code (inc. data)   RO Data    RW Data    ZI Data      Debug   Library Name

       686         20          0          0         96       1048   c_w.l
      2456        180          0          0          0       1320   fz_ws.l
      1952        134        288          0          0        972   m_ws.l

    ----------------------------------------------------------------------
      5108        334        288          0         96       3340   Library Totals

    ----------------------------------------------------------------------

==============================================================================


      Code (inc. data)   RO Data    RW Data    ZI Data      Debug   

     18148       1228        764        140       6924     634589   Grand Totals
     18148       1228        764        140       6924     634589   ELF Image Totals
     18148       1228        764        140          0          0   ROM Totals

==============================================================================

    Total RO  Size (Code + RO Data)                18912 (  18.47kB)
    Total RW  Size (RW Data + ZI Data)              7064 (   6.90kB)
    Total ROM Size (Code + RO Data + RW Data)      19052 (  18.61kB)

==============================================================================

