<html>
<body>
<pre>
<h1>µVision Build Log</h1>
<h2>Tool Versions:</h2>
IDE-Version: ¦ÌVision V5.24.2.0
Copyright (C) 2017 ARM Ltd and ARM Germany GmbH. All rights reserved.
License Information: 1 2052006294@qq.com, 1, LIC=UJWP0-BWNI4-KPZZY-ILFJJ-7DGAX-BEKUU
 
Tool Versions:
Toolchain:       MDK-ARM Plus  Version: 5.24.1
Toolchain Path:  D:\Keil_v5\ARM\ARMCC\Bin
C Compiler:      Armcc.exe V5.06 update 5 (build 528)
Assembler:       Armasm.exe V5.06 update 5 (build 528)
Linker/Locator:  ArmLink.exe V5.06 update 5 (build 528)
Library Manager: ArmAr.exe V5.06 update 5 (build 528)
Hex Converter:   FromElf.exe V5.06 update 5 (build 528)
CPU DLL:         SARMCM3.DLL V5.24.1
Dialog DLL:      DCM.DLL V1.16.0.0
Target DLL:      STLink\ST-LINKIII-KEIL_SWO.dll V3.0.1.0
Dialog DLL:      TCM.DLL V1.32.0.0
 
<h2>Project:</h2>
C:\code\STM\keshe\MDK-ARM\keshe.uvprojx
Project File Date:  06/22/2025

<h2>Output:</h2>
*** Using Compiler 'V5.06 update 5 (build 528)', folder: 'D:\Keil_v5\ARM\ARMCC\Bin'
Build target 'keshe'
assembling startup_stm32f103xb.s...
compiling stm32f1xx_hal_gpio_ex.c...
compiling stm32f1xx_hal_msp.c...
compiling stm32f1xx_hal_rcc_ex.c...
compiling stm32f1xx_it.c...
compiling i2c.c...
compiling stm32f1xx_hal.c...
compiling stm32f1xx_hal_rcc.c...
compiling main.c...
../BSP/encoder.h(6): warning:  #1295-D: Deprecated declaration encoder_value - give arg types
  uint16_t encoder_value();
../BSP/oled.h(13): warning:  #1295-D: Deprecated declaration OLED_Init - give arg types
  void OLED_Init();
../BSP/oled.h(14): warning:  #1295-D: Deprecated declaration OLED_DisPlay_On - give arg types
  void OLED_DisPlay_On();
../BSP/oled.h(15): warning:  #1295-D: Deprecated declaration OLED_DisPlay_Off - give arg types
  void OLED_DisPlay_Off();
../BSP/oled.h(17): warning:  #1295-D: Deprecated declaration OLED_NewFrame - give arg types
  void OLED_NewFrame();
../BSP/oled.h(18): warning:  #1295-D: Deprecated declaration OLED_ShowFrame - give arg types
  void OLED_ShowFrame();
../BSP/oled.h(35): warning:  #1-D: last line of file ends without a newline
  #endif // __OLED_H__
../BSP/capture.h(10): warning:  #1295-D: Deprecated declaration Distance_Start - give arg types
  void Distance_Start();
../Core/Src/main.c: 8 warnings, 0 errors
compiling tim.c...
compiling gpio.c...
compiling stm32f1xx_hal_gpio.c...
compiling stm32f1xx_hal_i2c.c...
compiling stm32f1xx_hal_cortex.c...
compiling stm32f1xx_hal_pwr.c...
compiling stm32f1xx_hal_flash_ex.c...
compiling stm32f1xx_hal_dma.c...
compiling stm32f1xx_hal_flash.c...
compiling stm32f1xx_hal_exti.c...
compiling system_stm32f1xx.c...
compiling encoder.c...
..\BSP\encoder.h(6): warning:  #1295-D: Deprecated declaration encoder_value - give arg types
  uint16_t encoder_value();
..\BSP\encoder.c: 1 warning, 0 errors
compiling oled.c...
..\BSP\oled.h(13): warning:  #1295-D: Deprecated declaration OLED_Init - give arg types
  void OLED_Init();
..\BSP\oled.h(14): warning:  #1295-D: Deprecated declaration OLED_DisPlay_On - give arg types
  void OLED_DisPlay_On();
..\BSP\oled.h(15): warning:  #1295-D: Deprecated declaration OLED_DisPlay_Off - give arg types
  void OLED_DisPlay_Off();
..\BSP\oled.h(17): warning:  #1295-D: Deprecated declaration OLED_NewFrame - give arg types
  void OLED_NewFrame();
..\BSP\oled.h(18): warning:  #1295-D: Deprecated declaration OLED_ShowFrame - give arg types
  void OLED_ShowFrame();
..\BSP\oled.h(35): warning:  #1-D: last line of file ends without a newline
  #endif // __OLED_H__
..\BSP\oled.c: 6 warnings, 0 errors
compiling stm32f1xx_hal_tim_ex.c...
compiling control.c...
..\BSP\encoder.h(6): warning:  #1295-D: Deprecated declaration encoder_value - give arg types
  uint16_t encoder_value();
..\BSP\control.c(10): warning:  #1-D: last line of file ends without a newline
  }
..\BSP\control.c: 2 warnings, 0 errors
compiling stm32f1xx_hal_tim.c...
compiling capture.c...
..\BSP\capture.h(10): warning:  #1295-D: Deprecated declaration Distance_Start - give arg types
  void Distance_Start();
..\BSP\capture.c(27): warning:  #1-D: last line of file ends without a newline
  }
..\BSP\capture.c: 2 warnings, 0 errors
linking...
Program Size: Code=15920 RO-data=2176 RW-data=56 ZI-data=3088  
FromELF: creating hex file...
"keshe\keshe.axf" - 0 Error(s), 19 Warning(s).

<h2>Software Packages used:</h2>

Package Vendor: ARM
                http://www.keil.com/pack/ARM.CMSIS.5.0.1.pack
                ARM.CMSIS.5.0.1
                CMSIS (Cortex Microcontroller Software Interface Standard)
   * Component: CORE Version: 5.0.1

Package Vendor: Keil
                http://www.keil.com/pack/Keil.STM32F1xx_DFP.2.2.0.pack
                Keil.STM32F1xx_DFP.2.2.0
                STMicroelectronics STM32F1 Series Device Support, Drivers and Examples

<h2>Collection of Component include folders:</h2>
  .\RTE\_keshe
  D:\Keil_v5\ARM\PACK\ARM\CMSIS\5.0.1\CMSIS\Include
  D:\Keil_v5\ARM\PACK\Keil\STM32F1xx_DFP\2.2.0\Device\Include

<h2>Collection of Component Files used:</h2>

   * Component: ARM::CMSIS:CORE:5.0.1
Build Time Elapsed:  00:00:06
</pre>
</body>
</html>
